Component: ARM Compiler 5.06 update 7 (build 960) Tool: armlink [4d3601]

==============================================================================

Section Cross References

    main.o(i.findMaxValueAndPosition) refers to noretval__2printf.o(.text) for __2printf
    main.o(i.findMaxValueAndPosition) refers to frleqf.o(x$fpl$frleqf) for __aeabi_cfrcmple
    main.o(i.main) refers to _printf_percent.o(.ARM.Collect$$_printf_percent$$00000000) for _printf_percent
    main.o(i.main) refers to _printf_d.o(.ARM.Collect$$_printf_percent$$00000009) for _printf_d
    main.o(i.main) refers to _printf_dec.o(.text) for _printf_int_dec
    main.o(i.main) refers to _printf_f.o(.ARM.Collect$$_printf_percent$$00000003) for _printf_f
    main.o(i.main) refers to printf1.o(x$fpl$printf1) for _printf_fp_dec
    main.o(i.main) refers to stm32f1xx_hal.o(i.HAL_Init) for HAL_Init
    main.o(i.main) refers to sys.o(i.Stm32_Clock_Init) for Stm32_Clock_Init
    main.o(i.main) refers to delay.o(i.delay_init) for delay_init
    main.o(i.main) refers to usart.o(i.uart_init) for uart_init
    main.o(i.main) refers to led.o(i.LED_Init) for LED_Init
    main.o(i.main) refers to key.o(i.KEY_Init) for KEY_Init
    main.o(i.main) refers to pwm.o(i.TIM3_PWM_Init) for TIM3_PWM_Init
    main.o(i.main) refers to pwm.o(i.MOVE_Init) for MOVE_Init
    main.o(i.main) refers to pwm.o(i.PID_Init) for PID_Init
    main.o(i.main) refers to mlx90640_swi2c_driver.o(i.MLX90640_I2CInit) for MLX90640_I2CInit
    main.o(i.main) refers to delay.o(i.delay_ms) for delay_ms
    main.o(i.main) refers to mlx90640_api.o(i.MLX90640_SetRefreshRate) for MLX90640_SetRefreshRate
    main.o(i.main) refers to mlx90640_api.o(i.MLX90640_SetChessMode) for MLX90640_SetChessMode
    main.o(i.main) refers to mlx90640_api.o(i.MLX90640_DumpEE) for MLX90640_DumpEE
    main.o(i.main) refers to noretval__2printf.o(.text) for __2printf
    main.o(i.main) refers to mlx90640_api.o(i.MLX90640_ExtractParameters) for MLX90640_ExtractParameters
    main.o(i.main) refers to mlx90640_api.o(i.MLX90640_GetFrameData) for MLX90640_GetFrameData
    main.o(i.main) refers to mlx90640_api.o(i.MLX90640_GetVdd) for MLX90640_GetVdd
    main.o(i.main) refers to mlx90640_api.o(i.MLX90640_GetTa) for MLX90640_GetTa
    main.o(i.main) refers to faddsub_clz.o(x$fpl$fsub) for __aeabi_fsub
    main.o(i.main) refers to mlx90640_api.o(i.MLX90640_CalculateTo) for MLX90640_CalculateTo
    main.o(i.main) refers to main.o(i.findMaxValueAndPosition) for findMaxValueAndPosition
    main.o(i.main) refers to f2d.o(x$fpl$f2d) for __aeabi_f2d
    main.o(i.main) refers to dflt_clz.o(x$fpl$dflt) for __aeabi_i2d
    main.o(i.main) refers to pwm.o(i.PID_Update) for PID_Update
    main.o(i.main) refers to dmul.o(x$fpl$dmul) for __aeabi_dmul
    main.o(i.main) refers to dflt_clz.o(x$fpl$dfltu) for __aeabi_ui2d
    main.o(i.main) refers to daddsub_clz.o(x$fpl$dsub) for __aeabi_dsub
    main.o(i.main) refers to dfixu.o(x$fpl$dfixu) for __aeabi_d2uiz
    main.o(i.main) refers to pwm.o(i.MOVEX) for MOVEX
    main.o(i.main) refers to pwm.o(i.MOVEY) for MOVEY
    main.o(i.main) refers to usmart_config.o(.data) for usmart_dev
    main.o(i.main) refers to main.o(.data) for .data
    main.o(i.main) refers to main.o(.bss) for .bss
    stm32f1xx_it.o(i.SysTick_Handler) refers to stm32f1xx_hal.o(i.HAL_IncTick) for HAL_IncTick
    system_stm32f1xx.o(i.SystemCoreClockUpdate) refers to system_stm32f1xx.o(.data) for .data
    system_stm32f1xx.o(i.SystemCoreClockUpdate) refers to system_stm32f1xx.o(.constdata) for .constdata
    startup_stm32f103xe.o(STACK) refers (Special) to heapauxi.o(.text) for __use_two_region_memory
    startup_stm32f103xe.o(HEAP) refers (Special) to heapauxi.o(.text) for __use_two_region_memory
    startup_stm32f103xe.o(RESET) refers (Special) to heapauxi.o(.text) for __use_two_region_memory
    startup_stm32f103xe.o(RESET) refers to startup_stm32f103xe.o(STACK) for __initial_sp
    startup_stm32f103xe.o(RESET) refers to startup_stm32f103xe.o(.text) for Reset_Handler
    startup_stm32f103xe.o(RESET) refers to stm32f1xx_it.o(i.NMI_Handler) for NMI_Handler
    startup_stm32f103xe.o(RESET) refers to stm32f1xx_it.o(i.HardFault_Handler) for HardFault_Handler
    startup_stm32f103xe.o(RESET) refers to stm32f1xx_it.o(i.MemManage_Handler) for MemManage_Handler
    startup_stm32f103xe.o(RESET) refers to stm32f1xx_it.o(i.BusFault_Handler) for BusFault_Handler
    startup_stm32f103xe.o(RESET) refers to stm32f1xx_it.o(i.UsageFault_Handler) for UsageFault_Handler
    startup_stm32f103xe.o(RESET) refers to stm32f1xx_it.o(i.SVC_Handler) for SVC_Handler
    startup_stm32f103xe.o(RESET) refers to stm32f1xx_it.o(i.DebugMon_Handler) for DebugMon_Handler
    startup_stm32f103xe.o(RESET) refers to stm32f1xx_it.o(i.PendSV_Handler) for PendSV_Handler
    startup_stm32f103xe.o(RESET) refers to stm32f1xx_it.o(i.SysTick_Handler) for SysTick_Handler
    startup_stm32f103xe.o(RESET) refers to pwm.o(i.TIM3_IRQHandler) for TIM3_IRQHandler
[...]
    .data                                    0x2000007c   Section      244  usmart_config.o(.data)
    .bss                                     0x20000170   Section    17352  main.o(.bss)
    eeMLX90640                               0x20000170   Data        1664  main.o(.bss)
    mlx90640To                               0x200007f0   Data        3072  main.o(.bss)
    .bss                                     0x20004538   Section      264  usart.o(.bss)
    .bss                                     0x20004640   Section      116  pwm.o(.bss)
    .bss                                     0x200046b4   Section       60  usmart.o(.bss)
    .bss                                     0x200046f0   Section       96  libspace.o(.bss)
    HEAP                                     0x20004750   Section      512  startup_stm32f103xe.o(HEAP)
    Heap_Mem                                 0x20004750   Data         512  startup_stm32f103xe.o(HEAP)
    STACK                                    0x20004950   Section     1024  startup_stm32f103xe.o(STACK)
    Stack_Mem                                0x20004950   Data        1024  startup_stm32f103xe.o(STACK)
    __initial_sp                             0x20004d50   Data           0  startup_stm32f103xe.o(STACK)

    Global Symbols

    Symbol Name                              Value     Ov Type        Size  Object(Section)

    BuildAttributes$$THM_ISAv4$P$D$K$B$S$PE$A:L22UL41UL21$X:L11$S22US41US21$IEEE1$IW$USESV6$~STKCKD$USESV7$~SHL$OTIME$ROPI$IEEEX$EBA8$UX$STANDARDLIB$REQ8$PRES8$EABIv2 0x00000000   Number         0  anon$$obj.o ABSOLUTE
    __ARM_use_no_argv                        0x00000000   Number         0  main.o ABSOLUTE
    _printf_flags                            0x00000000   Number         0  printf_stubs.o ABSOLUTE
    _printf_return_value                     0x00000000   Number         0  printf_stubs.o ABSOLUTE
    _printf_sizespec                         0x00000000   Number         0  printf_stubs.o ABSOLUTE
    _printf_widthprec                        0x00000000   Number         0  printf_stubs.o ABSOLUTE
    __ARM_exceptions_init                     - Undefined Weak Reference
    __alloca_initialize                       - Undefined Weak Reference
    __arm_fini_                               - Undefined Weak Reference
    __arm_preinit_                            - Undefined Weak Reference
    __cpp_initialize__aeabi_                  - Undefined Weak Reference
    __cxa_finalize                            - Undefined Weak Reference
    __sigvec_lookup                           - Undefined Weak Reference
    _atexit_init                              - Undefined Weak Reference
    _call_atexit_fns                          - Undefined Weak Reference
    _clock_init                               - Undefined Weak Reference
    _fp_trap_init                             - Undefined Weak Reference
    _fp_trap_shutdown                         - Undefined Weak Reference
    _get_lc_collate                           - Undefined Weak Reference
    _get_lc_ctype                             - Undefined Weak Reference
    _get_lc_monetary                          - Undefined Weak Reference
    _get_lc_time                              - Undefined Weak Reference
    _getenv_init                              - Undefined Weak Reference
    _handle_redirection                       - Undefined Weak Reference
    _init_alloc                               - Undefined Weak Reference
    _init_user_alloc                          - Undefined Weak Reference
    _initio                                   - Undefined Weak Reference
    _mutex_acquire                            - Undefined Weak Reference
    _mutex_release                            - Undefined Weak Reference
    _printf_mbtowc                            - Undefined Weak Reference
    _printf_truncate_signed                   - Undefined Weak Reference
    _printf_truncate_unsigned                 - Undefined Weak Reference
    _rand_init                                - Undefined Weak Reference
    _signal_finish                            - Undefined Weak Reference
    _signal_init                              - Undefined Weak Reference
    _terminate_alloc                          - Undefined Weak Reference
    _terminate_user_alloc                     - Undefined Weak Reference
    _terminateio                              - Undefined Weak Reference
    __Vectors_Size                           0x00000130   Number         0  startup_stm32f103xe.o ABSOLUTE
    __Vectors                                0x08000000   Data           4  startup_stm32f103xe.o(RESET)
    __Vectors_End                            0x08000130   Data           0  startup_stm32f103xe.o(RESET)
    __main                                   0x08000131   Thumb Code     8  __main.o(!!!main)
    __scatterload                            0x08000139   Thumb Code     0  __scatter.o(!!!scatter)
    __scatterload_rt2                        0x08000139   Thumb Code    44  __scatter.o(!!!scatter)
    __scatterload_rt2_thumb_only             0x08000139   Thumb Code     0  __scatter.o(!!!scatter)
    __scatterload_null                       0x08000147   Thumb Code     0  __scatter.o(!!!scatter)
    __decompress                             0x0800016d   Thumb Code    90  __dczerorl2.o(!!dczerorl2)
    __decompress1                            0x0800016d   Thumb Code     0  __dczerorl2.o(!!dczerorl2)
    __scatterload_zeroinit                   0x080001c9   Thumb Code    28  __scatter_zi.o(!!handler_zi)
    _printf_f                                0x080001e5   Thumb Code     0  _printf_f.o(.ARM.Collect$$_printf_percent$$00000003)
    _printf_percent                          0x080001e5   Thumb Code     0  _printf_percent.o(.ARM.Collect$$_printf_percent$$00000000)
    _printf_d                                0x080001eb   Thumb Code     0  _printf_d.o(.ARM.Collect$$_printf_percent$$00000009)
    _printf_u                                0x080001f1   Thumb Code     0  _printf_u.o(.ARM.Collect$$_printf_percent$$0000000A)
    _printf_x                                0x080001f7   Thumb Code     0  _printf_x.o(.ARM.Collect$$_printf_percent$$0000000C)
    _printf_c                                0x080001fd   Thumb Code     0  _printf_c.o(.ARM.Collect$$_printf_percent$$00000013)
    _printf_s                                0x08000203   Thumb Code     0  _printf_s.o(.ARM.Collect$$_printf_percent$$00000014)
    _printf_percent_end                      0x08000209   Thumb Code     0  _printf_percent_end.o(.ARM.Collect$$_printf_percent$$00000017)
    __rt_lib_init                            0x0800020d   Thumb Code     0  libinit.o(.ARM.Collect$$libinit$$00000000)
    __rt_lib_init_fp_1                       0x0800020f   Thumb Code     0  libinit2.o(.ARM.Collect$$libinit$$00000002)
    __rt_lib_init_heap_1                     0x0800020f   Thumb Code     0  libinit2.o(.ARM.Collect$$libinit$$0000000A)
    __rt_lib_init_lc_common                  0x0800020f   Thumb Code     0  libinit2.o(.ARM.Collect$$libinit$$0000000F)
    __rt_lib_init_preinit_1                  0x0800020f   Thumb Code     0  libinit2.o(.ARM.Collect$$libinit$$00000004)
    __rt_lib_init_rand_1                     0x0800020f   Thumb Code     0  libinit2.o(.ARM.Collect$$libinit$$0000000E)
    __rt_lib_init_user_alloc_1               0x0800020f   Thumb Code     0  libinit2.o(.ARM.Collect$$libinit$$0000000C)
    __rt_lib_init_lc_collate_1               0x08000215   Thumb Code     0  libinit2.o(.ARM.Collect$$libinit$$00000011)
    __rt_lib_init_lc_ctype_1                 0x08000215   Thumb Code     0  libinit2.o(.ARM.Collect$$libinit$$00000013)
    __rt_lib_init_lc_monetary_1              0x08000215   Thumb Code     0  libinit2.o(.ARM.Collect$$libinit$$00000015)
    __rt_lib_init_lc_numeric_2               0x08000215   Thumb Code     0  libinit2.o(.ARM.Collect$$libinit$$00000016)
    __rt_lib_init_alloca_1                   0x0800021f   Thumb Code     0  libinit2.o(.ARM.Collect$$libinit$$0000002E)
    __rt_lib_init_argv_1                     0x0800021f   Thumb Code     0  libinit2.o(.ARM.Collect$$libinit$$0000002C)
    __rt_lib_init_atexit_1                   0x0800021f   Thumb Code     0  libinit2.o(.ARM.Collect$$libinit$$0000001B)
    __rt_lib_init_clock_1                    0x0800021f   Thumb Code     0  libinit2.o(.ARM.Collect$$libinit$$00000021)
    __rt_lib_init_cpp_1                      0x0800021f   Thumb Code     0  libinit2.o(.ARM.Collect$$libinit$$00000032)
    __rt_lib_init_exceptions_1               0x0800021f   Thumb Code     0  libinit2.o(.ARM.Collect$$libinit$$00000030)
    __rt_lib_init_fp_trap_1                  0x0800021f   Thumb Code     0  libinit2.o(.ARM.Collect$$libinit$$0000001F)
    __rt_lib_init_getenv_1                   0x0800021f   Thumb Code     0  libinit2.o(.ARM.Collect$$libinit$$00000023)
    __rt_lib_init_lc_numeric_1               0x0800021f   Thumb Code     0  libinit2.o(.ARM.Collect$$libinit$$00000017)
    __rt_lib_init_lc_time_1                  0x0800021f   Thumb Code     0  libinit2.o(.ARM.Collect$$libinit$$00000019)
    __rt_lib_init_return                     0x0800021f   Thumb Code     0  libinit2.o(.ARM.Collect$$libinit$$00000033)
    __rt_lib_init_signal_1                   0x0800021f   Thumb Code     0  libinit2.o(.ARM.Collect$$libinit$$0000001D)
    __rt_lib_init_stdio_1                    0x0800021f   Thumb Code     0  libinit2.o(.ARM.Collect$$libinit$$00000025)
    __rt_lib_shutdown                        0x08000221   Thumb Code     0  libshutdown.o(.ARM.Collect$$libshutdown$$00000000)
    __rt_lib_shutdown_cpp_1                  0x08000223   Thumb Code     0  libshutdown2.o(.ARM.Collect$$libshutdown$$00000004)
    __rt_lib_shutdown_fini_1                 0x08000223   Thumb Code     0  libshutdown2.o(.ARM.Collect$$libshutdown$$00000002)
    __rt_lib_shutdown_fp_trap_1              0x08000223   Thumb Code     0  libshutdown2.o(.ARM.Collect$$libshutdown$$00000009)
    __rt_lib_shutdown_heap_1                 0x08000223   Thumb Code     0  libshutdown2.o(.ARM.Collect$$libshutdown$$00000011)
    __rt_lib_shutdown_return                 0x08000223   Thumb Code     0  libshutdown2.o(.ARM.Collect$$libshutdown$$00000012)
    __rt_lib_shutdown_signal_1               0x08000223   Thumb Code     0  libshutdown2.o(.ARM.Collect$$libshutdown$$0000000C)
    __rt_lib_shutdown_stdio_1                0x08000223   Thumb Code     0  libshutdown2.o(.ARM.Collect$$libshutdown$$00000006)
    __rt_lib_shutdown_user_alloc_1           0x08000223   Thumb Code     0  libshutdown2.o(.ARM.Collect$$libshutdown$$0000000E)
    __rt_entry                               0x08000225   Thumb Code     0  __rtentry.o(.ARM.Collect$$rtentry$$00000000)
    __rt_entry_presh_1                       0x08000225   Thumb Code     0  __rtentry2.o(.ARM.Collect$$rtentry$$00000002)
    __rt_entry_sh                            0x08000225   Thumb Code     0  __rtentry4.o(.ARM.Collect$$rtentry$$00000004)
    __rt_entry_li                            0x0800022b   Thumb Code     0  __rtentry2.o(.ARM.Collect$$rtentry$$0000000A)
    __rt_entry_postsh_1                      0x0800022b   Thumb Code     0  __rtentry2.o(.ARM.Collect$$rtentry$$00000009)
    __rt_entry_main                          0x0800022f   Thumb Code     0  __rtentry2.o(.ARM.Collect$$rtentry$$0000000D)
    __rt_entry_postli_1                      0x0800022f   Thumb Code     0  __rtentry2.o(.ARM.Collect$$rtentry$$0000000C)
    __rt_exit                                0x08000237   Thumb Code     0  rtexit.o(.ARM.Collect$$rtexit$$00000000)
    __rt_exit_ls                             0x08000239   Thumb Code     0  rtexit2.o(.ARM.Collect$$rtexit$$00000003)
    __rt_exit_prels_1                        0x08000239   Thumb Code     0  rtexit2.o(.ARM.Collect$$rtexit$$00000002)
    __rt_exit_exit                           0x0800023d   Thumb Code     0  rtexit2.o(.ARM.Collect$$rtexit$$00000004)
    Reset_Handler                            0x08000245   Thumb Code     8  startup_stm32f103xe.o(.text)
    ADC1_2_IRQHandler                        0x0800025f   Thumb Code     0  startup_stm32f103xe.o(.text)
    ADC3_IRQHandler                          0x0800025f   Thumb Code     0  startup_stm32f103xe.o(.text)
    CAN1_RX1_IRQHandler                      0x0800025f   Thumb Code     0  startup_stm32f103xe.o(.text)
    CAN1_SCE_IRQHandler                      0x0800025f   Thumb Code     0  startup_stm32f103xe.o(.text)
    DMA1_Channel1_IRQHandler                 0x0800025f   Thumb Code     0  startup_stm32f103xe.o(.text)
    DMA1_Channel2_IRQHandler                 0x0800025f   Thumb Code     0  startup_stm32f103xe.o(.text)
    DMA1_Channel3_IRQHandler                 0x0800025f   Thumb Code     0  startup_stm32f103xe.o(.text)
    DMA1_Channel4_IRQHandler                 0x0800025f   Thumb Code     0  startup_stm32f103xe.o(.text)
    DMA1_Channel5_IRQHandler                 0x0800025f   Thumb Code     0  startup_stm32f103xe.o(.text)
    DMA1_Channel6_IRQHandler                 0x0800025f   Thumb Code     0  startup_stm32f103xe.o(.text)
    DMA1_Channel7_IRQHandler                 0x0800025f   Thumb Code     0  startup_stm32f103xe.o(.text)
    DMA2_Channel1_IRQHandler                 0x0800025f   Thumb Code     0  startup_stm32f103xe.o(.text)
    DMA2_Channel2_IRQHandler                 0x0800025f   Thumb Code     0  startup_stm32f103xe.o(.text)
    DMA2_Channel3_IRQHandler                 0x0800025f   Thumb Code     0  startup_stm32f103xe.o(.text)
    DMA2_Channel4_5_IRQHandler               0x0800025f   Thumb Code     0  startup_stm32f103xe.o(.text)
    EXTI0_IRQHandler                         0x0800025f   Thumb Code     0  startup_stm32f103xe.o(.text)
    EXTI15_10_IRQHandler                     0x0800025f   Thumb Code     0  startup_stm32f103xe.o(.text)
    EXTI1_IRQHandler                         0x0800025f   Thumb Code     0  startup_stm32f103xe.o(.text)
    EXTI2_IRQHandler                         0x0800025f   Thumb Code     0  startup_stm32f103xe.o(.text)
    EXTI3_IRQHandler                         0x0800025f   Thumb Code     0  startup_stm32f103xe.o(.text)
    EXTI4_IRQHandler                         0x0800025f   Thumb Code     0  startup_stm32f103xe.o(.text)
    EXTI9_5_IRQHandler                       0x0800025f   Thumb Code     0  startup_stm32f103xe.o(.text)
    FLASH_IRQHandler                         0x0800025f   Thumb Code     0  startup_stm32f103xe.o(.text)
    FSMC_IRQHandler                          0x0800025f   Thumb Code     0  startup_stm32f103xe.o(.text)
    I2C1_ER_IRQHandler                       0x0800025f   Thumb Code     0  startup_stm32f103xe.o(.text)
    I2C1_EV_IRQHandler                       0x0800025f   Thumb Code     0  startup_stm32f103xe.o(.text)
    I2C2_ER_IRQHandler                       0x0800025f   Thumb Code     0  startup_stm32f103xe.o(.text)
    I2C2_EV_IRQHandler                       0x0800025f   Thumb Code     0  startup_stm32f103xe.o(.text)
    PVD_IRQHandler                           0x0800025f   Thumb Code     0  startup_stm32f103xe.o(.text)
    RCC_IRQHandler                           0x0800025f   Thumb Code     0  startup_stm32f103xe.o(.text)
    RTC_Alarm_IRQHandler                     0x0800025f   Thumb Code     0  startup_stm32f103xe.o(.text)
    RTC_IRQHandler                           0x0800025f   Thumb Code     0  startup_stm32f103xe.o(.text)
    SDIO_IRQHandler                          0x0800025f   Thumb Code     0  startup_stm32f103xe.o(.text)
    SPI1_IRQHandler                          0x0800025f   Thumb Code     0  startup_stm32f103xe.o(.text)
    SPI2_IRQHandler                          0x0800025f   Thumb Code     0  startup_stm32f103xe.o(.text)
    SPI3_IRQHandler                          0x0800025f   Thumb Code     0  startup_stm32f103xe.o(.text)
    TAMPER_IRQHandler                        0x0800025f   Thumb Code     0  startup_stm32f103xe.o(.text)
    TIM1_BRK_IRQHandler                      0x0800025f   Thumb Code     0  startup_stm32f103xe.o(.text)
    TIM1_CC_IRQHandler                       0x0800025f   Thumb Code     0  startup_stm32f103xe.o(.text)
    TIM1_TRG_COM_IRQHandler                  0x0800025f   Thumb Code     0  startup_stm32f103xe.o(.text)
    TIM1_UP_IRQHandler                       0x0800025f   Thumb Code     0  startup_stm32f103xe.o(.text)
    TIM2_IRQHandler                          0x0800025f   Thumb Code     0  startup_stm32f103xe.o(.text)
    TIM5_IRQHandler                          0x0800025f   Thumb Code     0  startup_stm32f103xe.o(.text)
    TIM6_IRQHandler                          0x0800025f   Thumb Code     0  startup_stm32f103xe.o(.text)
    TIM7_IRQHandler                          0x0800025f   Thumb Code     0  startup_stm32f103xe.o(.text)
    TIM8_BRK_IRQHandler                      0x0800025f   Thumb Code     0  startup_stm32f103xe.o(.text)
    TIM8_CC_IRQHandler                       0x0800025f   Thumb Code     0  startup_stm32f103xe.o(.text)
    TIM8_TRG_COM_IRQHandler                  0x0800025f   Thumb Code     0  startup_stm32f103xe.o(.text)
    TIM8_UP_IRQHandler                       0x0800025f   Thumb Code     0  startup_stm32f103xe.o(.text)
    UART4_IRQHandler                         0x0800025f   Thumb Code     0  startup_stm32f103xe.o(.text)
    UART5_IRQHandler                         0x0800025f   Thumb Code     0  startup_stm32f103xe.o(.text)
    USART2_IRQHandler                        0x0800025f   Thumb Code     0  startup_stm32f103xe.o(.text)
    USART3_IRQHandler                        0x0800025f   Thumb Code     0  startup_stm32f103xe.o(.text)
    USBWakeUp_IRQHandler                     0x0800025f   Thumb Code     0  startup_stm32f103xe.o(.text)
    USB_HP_CAN1_TX_IRQHandler                0x0800025f   Thumb Code     0  startup_stm32f103xe.o(.text)
    USB_LP_CAN1_RX0_IRQHandler               0x0800025f   Thumb Code     0  startup_stm32f103xe.o(.text)
    WWDG_IRQHandler                          0x0800025f   Thumb Code     0  startup_stm32f103xe.o(.text)
    __user_initial_stackheap                 0x08000261   Thumb Code     0  startup_stm32f103xe.o(.text)
    __use_no_semihosting                     0x08000285   Thumb Code     2  use_no_semi_2.o(.text)
    __2printf                                0x08000289   Thumb Code    20  noretval__2printf.o(.text)
    _printf_pre_padding                      0x080002a1   Thumb Code    44  _printf_pad.o(.text)
    _printf_post_padding                     0x080002cd   Thumb Code    34  _printf_pad.o(.text)
    _printf_str                              0x080002ef   Thumb Code    82  _printf_str.o(.text)
    _printf_int_dec                          0x08000341   Thumb Code   104  _printf_dec.o(.text)
    _printf_int_hex                          0x080003b9   Thumb Code    84  _printf_hex_int.o(.text)
    _printf_longlong_hex                     0x080003b9   Thumb Code     0  _printf_hex_int.o(.text)
    __printf                                 0x08000411   Thumb Code   388  __printf_flags_ss_wp.o(.text)
    __use_two_region_memory                  0x08000599   Thumb Code     2  heapauxi.o(.text)
    __rt_heap_escrow$2region                 0x0800059b   Thumb Code     2  heapauxi.o(.text)
    __rt_heap_expand$2region                 0x0800059d   Thumb Code     2  heapauxi.o(.text)
    __I$use$semihosting                      0x0800059f   Thumb Code     0  use_no_semi.o(.text)
    __use_no_semihosting_swi                 0x0800059f   Thumb Code     2  use_no_semi.o(.text)
    __read_errno                             0x080005a1   Thumb Code    10  _rserrno.o(.text)
    __set_errno                              0x080005ab   Thumb Code    12  _rserrno.o(.text)
    _printf_int_common                       0x080005b7   Thumb Code   178  _printf_intcommon.o(.text)
    __lib_sel_fp_printf                      0x08000669   Thumb Code     2  _printf_fp_dec.o(.text)
    _printf_fp_dec_real                      0x0800081b   Thumb Code   620  _printf_fp_dec.o(.text)
    _printf_cs_common                        0x08000a87   Thumb Code    20  _printf_char.o(.text)
    _printf_char                             0x08000a9b   Thumb Code    16  _printf_char.o(.text)
    _printf_string                           0x08000aab   Thumb Code     8  _printf_char.o(.text)
    _printf_char_file                        0x08000ab5   Thumb Code    32  _printf_char_file.o(.text)
    __rt_locale                              0x08000ad9   Thumb Code     8  rt_locale_intlibspace.o(.text)
    __aeabi_errno_addr                       0x08000ae1   Thumb Code     8  rt_errno_addr_intlibspace.o(.text)
    __errno$intlibspace                      0x08000ae1   Thumb Code     0  rt_errno_addr_intlibspace.o(.text)
    __rt_errno_addr$intlibspace              0x08000ae1   Thumb Code     0  rt_errno_addr_intlibspace.o(.text)
    _ll_udiv10                               0x08000ae9   Thumb Code   138  lludiv10.o(.text)
    _printf_char_common                      0x08000b7f   Thumb Code    32  _printf_char_common.o(.text)
    _printf_fp_infnan                        0x08000ba5   Thumb Code   112  _printf_fp_infnan.o(.text)
    _btod_etento                             0x08000c25   Thumb Code   224  bigflt0.o(.text)
    ferror                                   0x08000d09   Thumb Code     8  ferror.o(.text)
    __user_libspace                          0x08000d11   Thumb Code     8  libspace.o(.text)
    __user_perproc_libspace                  0x08000d11   Thumb Code     0  libspace.o(.text)
    __user_perthread_libspace                0x08000d11   Thumb Code     0  libspace.o(.text)
    __user_setup_stackheap                   0x08000d19   Thumb Code    74  sys_stackheap_outer.o(.text)
    exit                                     0x08000d63   Thumb Code    18  exit.o(.text)
    strcmp                                   0x08000d75   Thumb Code   128  strcmpv7m.o(.text)
    _btod_d2e                                0x08000df5   Thumb Code    62  btod.o(CL$$btod_d2e)
    _d2e_denorm_low                          0x08000e33   Thumb Code    70  btod.o(CL$$btod_d2e_denorm_low)
    _d2e_norm_op1                            0x08000e79   Thumb Code    96  btod.o(CL$$btod_d2e_norm_op1)
    __btod_div_common                        0x08000ed9   Thumb Code   696  btod.o(CL$$btod_div_common)
    _e2e                                     0x08001211   Thumb Code   220  btod.o(CL$$btod_e2e)
    _btod_ediv                               0x080012ed   Thumb Code    42  btod.o(CL$$btod_ediv)
    _btod_emul                               0x08001317   Thumb Code    42  btod.o(CL$$btod_emul)
    __btod_mult_common                       0x08001341   Thumb Code   580  btod.o(CL$$btod_mult_common)
    BusFault_Handler                         0x08001585   Thumb Code     2  stm32f1xx_it.o(i.BusFault_Handler)
    CheckAdjacentPixels                      0x08001587   Thumb Code    30  mlx90640_api.o(i.CheckAdjacentPixels)
    CheckEEPROMValid                         0x080015a5   Thumb Code    20  mlx90640_api.o(i.CheckEEPROMValid)
    DebugMon_Handler                         0x080015b9   Thumb Code     2  stm32f1xx_it.o(i.DebugMon_Handler)
    ExtractAlphaParameters                   0x080015bd   Thumb Code   374  mlx90640_api.o(i.ExtractAlphaParameters)
    ExtractCILCParameters                    0x08001739   Thumb Code   174  mlx90640_api.o(i.ExtractCILCParameters)
    ExtractCPParameters                      0x080017f1   Thumb Code   400  mlx90640_api.o(i.ExtractCPParameters)
    ExtractDeviatingPixels                   0x0800198d   Thumb Code   314  mlx90640_api.o(i.ExtractDeviatingPixels)
    ExtractGainParameters                    0x08001ac7   Thumb Code    16  mlx90640_api.o(i.ExtractGainParameters)
    ExtractKsTaParameters                    0x08001ad9   Thumb Code    40  mlx90640_api.o(i.ExtractKsTaParameters)
    ExtractKsToParameters                    0x08001b05   Thumb Code   160  mlx90640_api.o(i.ExtractKsToParameters)
    ExtractKtaPixelParameters                0x08001ba9   Thumb Code   292  mlx90640_api.o(i.ExtractKtaPixelParameters)
    ExtractKvPixelParameters                 0x08001cd1   Thumb Code   214  mlx90640_api.o(i.ExtractKvPixelParameters)
    ExtractOffsetParameters                  0x08001da7   Thumb Code   282  mlx90640_api.o(i.ExtractOffsetParameters)
    ExtractPTATParameters                    0x08001ec1   Thumb Code   122  mlx90640_api.o(i.ExtractPTATParameters)
    ExtractResolutionParameters              0x08001f4d   Thumb Code    14  mlx90640_api.o(i.ExtractResolutionParameters)
    ExtractTgcParameters                     0x08001f5d   Thumb Code    38  mlx90640_api.o(i.ExtractTgcParameters)
    ExtractVDDParameters                     0x08001f89   Thumb Code    38  mlx90640_api.o(i.ExtractVDDParameters)
    HAL_Delay                                0x08001faf   Thumb Code    22  stm32f1xx_hal.o(i.HAL_Delay)
    HAL_GPIO_Init                            0x08001fc5   Thumb Code   488  stm32f1xx_hal_gpio.o(i.HAL_GPIO_Init)
    HAL_GPIO_ReadPin                         0x080021d5   Thumb Code    14  stm32f1xx_hal_gpio.o(i.HAL_GPIO_ReadPin)
    HAL_GPIO_WritePin                        0x080021e3   Thumb Code    14  stm32f1xx_hal_gpio.o(i.HAL_GPIO_WritePin)
    HAL_GetTick                              0x080021f1   Thumb Code     6  stm32f1xx_hal.o(i.HAL_GetTick)
    HAL_IncTick                              0x080021fd   Thumb Code    10  stm32f1xx_hal.o(i.HAL_IncTick)
    HAL_Init                                 0x0800220d   Thumb Code    32  stm32f1xx_hal.o(i.HAL_Init)
    HAL_InitTick                             0x08002231   Thumb Code    34  stm32f1xx_hal.o(i.HAL_InitTick)
    HAL_MspInit                              0x08002253   Thumb Code     2  stm32f1xx_hal_msp.o(i.HAL_MspInit)
    HAL_NVIC_EnableIRQ                       0x08002255   Thumb Code    22  stm32f1xx_hal_cortex.o(i.HAL_NVIC_EnableIRQ)
    HAL_NVIC_SetPriority                     0x0800226d   Thumb Code    60  stm32f1xx_hal_cortex.o(i.HAL_NVIC_SetPriority)
    HAL_NVIC_SetPriorityGrouping             0x080022ad   Thumb Code    26  stm32f1xx_hal_cortex.o(i.HAL_NVIC_SetPriorityGrouping)
    HAL_RCC_ClockConfig                      0x080022d1   Thumb Code   464  stm32f1xx_hal_rcc.o(i.HAL_RCC_ClockConfig)
    HAL_RCC_GetHCLKFreq                      0x080024b1   Thumb Code     6  stm32f1xx_hal_rcc.o(i.HAL_RCC_GetHCLKFreq)
    HAL_RCC_GetPCLK1Freq                     0x080024bd   Thumb Code    36  stm32f1xx_hal_rcc.o(i.HAL_RCC_GetPCLK1Freq)
    HAL_RCC_GetPCLK2Freq                     0x080024e9   Thumb Code    36  stm32f1xx_hal_rcc.o(i.HAL_RCC_GetPCLK2Freq)
    HAL_RCC_GetSysClockFreq                  0x08002515   Thumb Code   112  stm32f1xx_hal_rcc.o(i.HAL_RCC_GetSysClockFreq)
    HAL_RCC_OscConfig                        0x080025a5   Thumb Code  1514  stm32f1xx_hal_rcc.o(i.HAL_RCC_OscConfig)
    HAL_SYSTICK_CLKSourceConfig              0x08002b8f   Thumb Code    28  stm32f1xx_hal_cortex.o(i.HAL_SYSTICK_CLKSourceConfig)
    HAL_SYSTICK_Config                       0x08002bab   Thumb Code    40  stm32f1xx_hal_cortex.o(i.HAL_SYSTICK_Config)
    HAL_TIMEx_BreakCallback                  0x08002bd3   Thumb Code     2  stm32f1xx_hal_tim_ex.o(i.HAL_TIMEx_BreakCallback)
    HAL_TIMEx_CommutationCallback            0x08002bd5   Thumb Code     2  stm32f1xx_hal_tim_ex.o(i.HAL_TIMEx_CommutationCallback)
    HAL_TIM_Base_Init                        0x08002bd7   Thumb Code    56  stm32f1xx_hal_tim.o(i.HAL_TIM_Base_Init)
    HAL_TIM_Base_MspInit                     0x08002c11   Thumb Code    50  pwm.o(i.HAL_TIM_Base_MspInit)
    HAL_TIM_Base_Start_IT                    0x08002c4d   Thumb Code    24  stm32f1xx_hal_tim.o(i.HAL_TIM_Base_Start_IT)
    HAL_TIM_IC_CaptureCallback               0x08002c65   Thumb Code     2  stm32f1xx_hal_tim.o(i.HAL_TIM_IC_CaptureCallback)
    HAL_TIM_IRQHandler                       0x08002c67   Thumb Code   366  stm32f1xx_hal_tim.o(i.HAL_TIM_IRQHandler)
    HAL_TIM_OC_DelayElapsedCallback          0x08002dd5   Thumb Code     2  stm32f1xx_hal_tim.o(i.HAL_TIM_OC_DelayElapsedCallback)
    HAL_TIM_PWM_ConfigChannel                0x08002dd7   Thumb Code   218  stm32f1xx_hal_tim.o(i.HAL_TIM_PWM_ConfigChannel)
    HAL_TIM_PWM_Init                         0x08002eb1   Thumb Code    56  stm32f1xx_hal_tim.o(i.HAL_TIM_PWM_Init)
    HAL_TIM_PWM_MspInit                      0x08002ee9   Thumb Code    74  pwm.o(i.HAL_TIM_PWM_MspInit)
    HAL_TIM_PWM_PulseFinishedCallback        0x08002f41   Thumb Code     2  stm32f1xx_hal_tim.o(i.HAL_TIM_PWM_PulseFinishedCallback)
    HAL_TIM_PWM_Start                        0x08002f45   Thumb Code    48  stm32f1xx_hal_tim.o(i.HAL_TIM_PWM_Start)
    HAL_TIM_PeriodElapsedCallback            0x08002f7d   Thumb Code     2  pwm.o(i.HAL_TIM_PeriodElapsedCallback)
    HAL_TIM_TriggerCallback                  0x08002f7f   Thumb Code     2  stm32f1xx_hal_tim.o(i.HAL_TIM_TriggerCallback)
    HAL_UART_ErrorCallback                   0x08002f81   Thumb Code     2  stm32f1xx_hal_uart.o(i.HAL_UART_ErrorCallback)
    HAL_UART_GetState                        0x08002f83   Thumb Code     6  stm32f1xx_hal_uart.o(i.HAL_UART_GetState)
    HAL_UART_IRQHandler                      0x08002f89   Thumb Code   190  stm32f1xx_hal_uart.o(i.HAL_UART_IRQHandler)
    HAL_UART_Init                            0x08003047   Thumb Code    96  stm32f1xx_hal_uart.o(i.HAL_UART_Init)
    HAL_UART_MspInit                         0x080030a9   Thumb Code   126  usart.o(i.HAL_UART_MspInit)
    HAL_UART_Receive_IT                      0x08003135   Thumb Code   112  stm32f1xx_hal_uart.o(i.HAL_UART_Receive_IT)
    HAL_UART_RxCpltCallback                  0x080031a5   Thumb Code    80  usart.o(i.HAL_UART_RxCpltCallback)
    HAL_UART_TxCpltCallback                  0x08003201   Thumb Code     2  stm32f1xx_hal_uart.o(i.HAL_UART_TxCpltCallback)
    HardFault_Handler                        0x08003203   Thumb Code     2  stm32f1xx_it.o(i.HardFault_Handler)
    KEY_Init                                 0x08003205   Thumb Code    84  key.o(i.KEY_Init)
    LED_Init                                 0x08003265   Thumb Code    98  led.o(i.LED_Init)
    MLX90640_CalculateTo                     0x080032d5   Thumb Code  1450  mlx90640_api.o(i.MLX90640_CalculateTo)
    MLX90640_DumpEE                          0x08003889   Thumb Code    14  mlx90640_api.o(i.MLX90640_DumpEE)
    MLX90640_ExtractParameters               0x08003897   Thumb Code   134  mlx90640_api.o(i.MLX90640_ExtractParameters)
    MLX90640_GetFrameData                    0x0800391d   Thumb Code   170  mlx90640_api.o(i.MLX90640_GetFrameData)
    MLX90640_GetTa                           0x080039c9   Thumb Code   218  mlx90640_api.o(i.MLX90640_GetTa)
    MLX90640_GetVdd                          0x08003ab9   Thumb Code   164  mlx90640_api.o(i.MLX90640_GetVdd)
    MLX90640_I2CInit                         0x08003b65   Thumb Code     4  mlx90640_swi2c_driver.o(i.MLX90640_I2CInit)
    MLX90640_I2CRead                         0x08003b69   Thumb Code   180  mlx90640_swi2c_driver.o(i.MLX90640_I2CRead)
    MLX90640_I2CWrite                        0x08003c1d   Thumb Code   176  mlx90640_swi2c_driver.o(i.MLX90640_I2CWrite)
    MLX90640_SetChessMode                    0x08003ccd   Thumb Code    42  mlx90640_api.o(i.MLX90640_SetChessMode)
    MLX90640_SetRefreshRate                  0x08003cf7   Thumb Code    50  mlx90640_api.o(i.MLX90640_SetRefreshRate)
    MOVEX                                    0x08003d29   Thumb Code     4  pwm.o(i.MOVEX)
    MOVEY                                    0x08003d2d   Thumb Code     4  pwm.o(i.MOVEY)
    MOVE_Init                                0x08003d31   Thumb Code    22  pwm.o(i.MOVE_Init)
    MemManage_Handler                        0x08003d47   Thumb Code     2  stm32f1xx_it.o(i.MemManage_Handler)
    NMI_Handler                              0x08003d49   Thumb Code     2  stm32f1xx_it.o(i.NMI_Handler)
    PID_Init                                 0x08003d6b   Thumb Code    30  pwm.o(i.PID_Init)
    PID_Update                               0x08003d89   Thumb Code   122  pwm.o(i.PID_Update)
    PendSV_Handler                           0x08003e03   Thumb Code     2  stm32f1xx_it.o(i.PendSV_Handler)
    SDA_IN                                   0x08003e05   Thumb Code    50  myiic.o(i.SDA_IN)
    SDA_OUT                                  0x08003e41   Thumb Code    52  myiic.o(i.SDA_OUT)
    SVC_Handler                              0x08003e7d   Thumb Code     2  stm32f1xx_it.o(i.SVC_Handler)
    Stm32_Clock_Init                         0x08003e7f   Thumb Code    68  sys.o(i.Stm32_Clock_Init)
    SysTick_Handler                          0x08003ec3   Thumb Code     4  stm32f1xx_it.o(i.SysTick_Handler)
    SystemInit                               0x08003ec9   Thumb Code    56  system_stm32f1xx.o(i.SystemInit)
    TIM3_IRQHandler                          0x08003f11   Thumb Code     6  pwm.o(i.TIM3_IRQHandler)
    TIM3_PWM_Init                            0x08003f1d   Thumb Code    88  pwm.o(i.TIM3_PWM_Init)
    TIM4_IRQHandler                          0x08003f7d   Thumb Code    44  usmart.o(i.TIM4_IRQHandler)
    TIM_Base_SetConfig                       0x08003fb1   Thumb Code   116  stm32f1xx_hal_tim.o(i.TIM_Base_SetConfig)
    TIM_CCxChannelCmd                        0x08004039   Thumb Code    22  stm32f1xx_hal_tim.o(i.TIM_CCxChannelCmd)
    TIM_OC2_SetConfig                        0x080040b9   Thumb Code   106  stm32f1xx_hal_tim.o(i.TIM_OC2_SetConfig)
    TIM_SetTIM3Compare1                      0x080041f1   Thumb Code     6  pwm.o(i.TIM_SetTIM3Compare1)
    TIM_SetTIM3Compare2                      0x080041fd   Thumb Code     6  pwm.o(i.TIM_SetTIM3Compare2)
    Timer4_Init                              0x08004209   Thumb Code    72  usmart.o(i.Timer4_Init)
    USART1_IRQHandler                        0x08004541   Thumb Code    34  usart.o(i.USART1_IRQHandler)
    UsageFault_Handler                       0x0800456d   Thumb Code     2  stm32f1xx_it.o(i.UsageFault_Handler)
    __ARM_fpclassify                         0x0800456f   Thumb Code    40  fpclassify.o(i.__ARM_fpclassify)
    __kernel_poly                            0x08004597   Thumb Code   170  poly.o(i.__kernel_poly)
    __mathlib_dbl_divzero                    0x08004641   Thumb Code    12  dunder.o(i.__mathlib_dbl_divzero)
    __mathlib_dbl_infnan2                    0x08004651   Thumb Code     4  dunder.o(i.__mathlib_dbl_infnan2)
    __mathlib_dbl_invalid                    0x08004655   Thumb Code    12  dunder.o(i.__mathlib_dbl_invalid)
    __mathlib_dbl_overflow                   0x08004661   Thumb Code    14  dunder.o(i.__mathlib_dbl_overflow)
    __mathlib_dbl_underflow                  0x08004671   Thumb Code    10  dunder.o(i.__mathlib_dbl_underflow)
    _is_digit                                0x08004681   Thumb Code    14  __printf_wp.o(i._is_digit)
    _sys_exit                                0x0800468f   Thumb Code     2  usart.o(i._sys_exit)
    delay_init                               0x08004691   Thumb Code    16  delay.o(i.delay_init)
    delay_ms                                 0x080046a5   Thumb Code    26  delay.o(i.delay_ms)
    delay_us                                 0x080046c1   Thumb Code    50  delay.o(i.delay_us)
    findMaxValueAndPosition                  0x080046f9   Thumb Code    72  main.o(i.findMaxValueAndPosition)
    fputc                                    0x08004755   Thumb Code    18  usart.o(i.fputc)
    iic_ack                                  0x0800476d   Thumb Code    70  myiic.o(i.iic_ack)
    iic_init                                 0x080047d9   Thumb Code    56  myiic.o(i.iic_init)
    iic_nack                                 0x08004819   Thumb Code    52  myiic.o(i.iic_nack)
    iic_read_byte                            0x08004851   Thumb Code   118  myiic.o(i.iic_read_byte)
    iic_send_byte                            0x080048cd   Thumb Code    96  myiic.o(i.iic_send_byte)
    iic_start                                0x08004931   Thumb Code    64  myiic.o(i.iic_start)
    iic_stop                                 0x08004975   Thumb Code    54  myiic.o(i.iic_stop)
    iic_wait_ack                             0x080049b1   Thumb Code    94  myiic.o(i.iic_wait_ack)
    main                                     0x08004a15   Thumb Code   532  main.o(i.main)
    pow                                      0x08004d69   Thumb Code  2512  pow.o(i.pow)
    read_addr                                0x08005741   Thumb Code     4  usmart.o(i.read_addr)
    sqrt                                     0x08005745   Thumb Code    76  sqrt.o(i.sqrt)
    uart_init                                0x08005791   Thumb Code    44  usart.o(i.uart_init)
    usmart_cmd_rec                           0x080057c9   Thumb Code   142  usmart.o(i.usmart_cmd_rec)
    usmart_exe                               0x0800585d   Thumb Code   536  usmart.o(i.usmart_exe)
    usmart_get_aparm                         0x08005ad5   Thumb Code   164  usmart_str.o(i.usmart_get_aparm)
    usmart_get_cmdname                       0x08005b79   Thumb Code    46  usmart_str.o(i.usmart_get_cmdname)
    usmart_get_fname                         0x08005ba9   Thumb Code   364  usmart_str.o(i.usmart_get_fname)
    usmart_get_fparam                        0x08005d1d   Thumb Code   220  usmart_str.o(i.usmart_get_fparam)
    usmart_get_parmpos                       0x08005dfd   Thumb Code    30  usmart_str.o(i.usmart_get_parmpos)
    usmart_get_runtime                       0x08005e21   Thumb Code    40  usmart.o(i.usmart_get_runtime)
    usmart_init                              0x08005e51   Thumb Code    36  usmart.o(i.usmart_init)
    usmart_pow                               0x08005e79   Thumb Code    16  usmart_str.o(i.usmart_pow)
    usmart_reset_runtime                     0x08005e89   Thumb Code    32  usmart.o(i.usmart_reset_runtime)
    usmart_scan                              0x08005eb1   Thumb Code   106  usmart.o(i.usmart_scan)
    usmart_search_nextc                      0x08005f61   Thumb Code    20  usmart_str.o(i.usmart_search_nextc)
    usmart_str2num                           0x08005f75   Thumb Code   220  usmart_str.o(i.usmart_str2num)
    usmart_strcmp                            0x08006051   Thumb Code    26  usmart_str.o(i.usmart_strcmp)
    usmart_strcopy                           0x0800606b   Thumb Code    18  usmart_str.o(i.usmart_strcopy)
    usmart_strlen                            0x0800607d   Thumb Code    18  usmart_str.o(i.usmart_strlen)
    usmart_sys_cmd_exe                       0x08006091   Thumb Code  1490  usmart.o(i.usmart_sys_cmd_exe)
    write_addr                               0x08006731   Thumb Code     4  usmart.o(i.write_addr)
    _get_lc_numeric                          0x08006735   Thumb Code    44  lc_numeric_c.o(locale$$code)
    __aeabi_d2f                              0x08006761   Thumb Code     0  d2f.o(x$fpl$d2f)
    _d2f                                     0x08006761   Thumb Code    98  d2f.o(x$fpl$d2f)
    __aeabi_dadd                             0x080067c5   Thumb Code     0  daddsub_clz.o(x$fpl$dadd)
    _dadd                                    0x080067c5   Thumb Code   332  daddsub_clz.o(x$fpl$dadd)
    __fpl_dcheck_NaN1                        0x08006915   Thumb Code    10  dcheck1.o(x$fpl$dcheck1)
    __fpl_dcmp_Inf                           0x08006925   Thumb Code    24  dcmpi.o(x$fpl$dcmpinf)
    __aeabi_ddiv                             0x0800693d   Thumb Code     0  ddiv.o(x$fpl$ddiv)
    _ddiv                                    0x0800693d   Thumb Code   552  ddiv.o(x$fpl$ddiv)
    __aeabi_d2uiz                            0x08006bed   Thumb Code     0  dfixu.o(x$fpl$dfixu)
    _dfixu                                   0x08006bed   Thumb Code    90  dfixu.o(x$fpl$dfixu)
    __aeabi_i2d                              0x08006c47   Thumb Code     0  dflt_clz.o(x$fpl$dflt)
    _dflt                                    0x08006c47   Thumb Code    46  dflt_clz.o(x$fpl$dflt)
    __aeabi_ui2d                             0x08006c75   Thumb Code     0  dflt_clz.o(x$fpl$dfltu)
    _dfltu                                   0x08006c75   Thumb Code    38  dflt_clz.o(x$fpl$dfltu)
    __aeabi_cdcmple                          0x08006c9d   Thumb Code     0  dleqf.o(x$fpl$dleqf)
    _dcmple                                  0x08006c9d   Thumb Code   120  dleqf.o(x$fpl$dleqf)
    __fpl_dcmple_InfNaN                      0x08006cff   Thumb Code     0  dleqf.o(x$fpl$dleqf)
    __aeabi_dmul                             0x08006d15   Thumb Code     0  dmul.o(x$fpl$dmul)
    _dmul                                    0x08006d15   Thumb Code   332  dmul.o(x$fpl$dmul)
    __fpl_dnaninf                            0x08006e69   Thumb Code   156  dnaninf.o(x$fpl$dnaninf)
    __fpl_dretinf                            0x08006f05   Thumb Code    12  dretinf.o(x$fpl$dretinf)
    __aeabi_cdrcmple                         0x08006f11   Thumb Code     0  drleqf.o(x$fpl$drleqf)
    _drcmple                                 0x08006f11   Thumb Code   108  drleqf.o(x$fpl$drleqf)
    __aeabi_drsub                            0x08006f7d   Thumb Code     0  daddsub_clz.o(x$fpl$drsb)
    _drsb                                    0x08006f7d   Thumb Code    22  daddsub_clz.o(x$fpl$drsb)
    _dsqrt                                   0x08006f95   Thumb Code   456  dsqrt_noumaal.o(x$fpl$dsqrt)
    __aeabi_dsub                             0x08007161   Thumb Code     0  daddsub_clz.o(x$fpl$dsub)
    _dsub                                    0x08007161   Thumb Code   464  daddsub_clz.o(x$fpl$dsub)
    __aeabi_f2d                              0x08007335   Thumb Code     0  f2d.o(x$fpl$f2d)
    _f2d                                     0x08007335   Thumb Code    86  f2d.o(x$fpl$f2d)
    __aeabi_fadd                             0x0800738d   Thumb Code     0  faddsub_clz.o(x$fpl$fadd)
    _fadd                                    0x0800738d   Thumb Code   196  faddsub_clz.o(x$fpl$fadd)
    __fpl_fcheck_NaN1                        0x08007451   Thumb Code     6  fcheck1.o(x$fpl$fcheck1)
    __fpl_fcmp_Inf                           0x0800745d   Thumb Code    24  fcmpi.o(x$fpl$fcmpinf)
    __aeabi_fdiv                             0x08007475   Thumb Code     0  fdiv.o(x$fpl$fdiv)
    _fdiv                                    0x08007475   Thumb Code   384  fdiv.o(x$fpl$fdiv)
    __aeabi_i2f                              0x080075f9   Thumb Code     0  fflt_clz.o(x$fpl$fflt)
    _fflt                                    0x080075f9   Thumb Code    48  fflt_clz.o(x$fpl$fflt)
    __aeabi_ui2f                             0x08007629   Thumb Code     0  fflt_clz.o(x$fpl$ffltu)
    _ffltu                                   0x08007629   Thumb Code    38  fflt_clz.o(x$fpl$ffltu)
    __aeabi_cfcmple                          0x08007651   Thumb Code     0  fleqf.o(x$fpl$fleqf)
    _fcmple                                  0x08007651   Thumb Code   104  fleqf.o(x$fpl$fleqf)
    __fpl_fcmple_InfNaN                      0x080076a3   Thumb Code     0  fleqf.o(x$fpl$fleqf)
    __aeabi_fmul                             0x080076b9   Thumb Code     0  fmul.o(x$fpl$fmul)
    _fmul                                    0x080076b9   Thumb Code   258  fmul.o(x$fpl$fmul)
    __fpl_fnaninf                            0x080077bb   Thumb Code   140  fnaninf.o(x$fpl$fnaninf)
    __fpl_fretinf                            0x08007847   Thumb Code    10  fretinf.o(x$fpl$fretinf)
    __aeabi_cfrcmple                         0x08007851   Thumb Code     0  frleqf.o(x$fpl$frleqf)
    _frcmple                                 0x08007851   Thumb Code    98  frleqf.o(x$fpl$frleqf)
    __aeabi_frsub                            0x080078b3   Thumb Code     0  faddsub_clz.o(x$fpl$frsb)
    _frsb                                    0x080078b3   Thumb Code    20  faddsub_clz.o(x$fpl$frsb)
    __aeabi_fsub                             0x080078c9   Thumb Code     0  faddsub_clz.o(x$fpl$fsub)
    _fsub                                    0x080078c9   Thumb Code   234  faddsub_clz.o(x$fpl$fsub)
    _printf_fp_dec                           0x080079b3   Thumb Code     4  printf1.o(x$fpl$printf1)
    __fpl_return_NaN                         0x080079b7   Thumb Code   100  retnan.o(x$fpl$retnan)
    __ARM_scalbn                             0x08007a1b   Thumb Code    92  scalbn.o(x$fpl$scalbn)
    __ARM_scalbnf                            0x08007a77   Thumb Code    76  scalbnf.o(x$fpl$scalbnf)
    __fpl_cmpreturn                          0x08007ac3   Thumb Code    48  trapv.o(x$fpl$trapveneer)
    AHBPrescTable                            0x08007af2   Data          16  system_stm32f1xx.o(.constdata)
    __I$use$fp                               0x08007af2   Number         0  usenofp.o(x$fpl$usenofp)
    APBPrescTable                            0x08007b02   Data           8  system_stm32f1xx.o(.constdata)
    __mathlib_zero                           0x08007bd0   Data           8  qnan.o(.constdata)
    Region$$Table$$Base                      0x08007d00   Number         0  anon$$obj.o(Region$$Table)
    Region$$Table$$Limit                     0x08007d20   Number         0  anon$$obj.o(Region$$Table)
    ccrx                                     0x20000000   Data           2  main.o(.data)
    ccry                                     0x20000002   Data           2  main.o(.data)
    emissivity                               0x20000004   Data           4  main.o(.data)
    status                                   0x20000008   Data           4  main.o(.data)
    kp                                       0x20000010   Data           8  main.o(.data)
    ki                                       0x20000018   Data           8  main.o(.data)
    kd                                       0x20000020   Data           8  main.o(.data)
    SystemCoreClock                          0x20000028   Data           4  system_stm32f1xx.o(.data)
    aRxBuffer                                0x20000034   Data           1  usart.o(.data)
    USART_RX_STA                             0x20000036   Data           2  usart.o(.data)
    __stdout                                 0x20000038   Data           4  usart.o(.data)
    i2c_delay_cycles                         0x2000003c   Data           2  myiic.o(.data)
    sys_cmd_tab                              0x20000040   Data          28  usmart.o(.data)
    usmart_nametab                           0x2000005c   Data          32  usmart_config.o(.data)
    usmart_dev                               0x2000007c   Data         244  usmart_config.o(.data)
    frame                                    0x200013f0   Data        1668  main.o(.bss)
    mlx90640                                 0x20001a74   Data       10864  main.o(.bss)
    pid_x                                    0x200044e8   Data          40  main.o(.bss)
    pid_y                                    0x20004510   Data          40  main.o(.bss)
    USART_RX_BUF                             0x20004538   Data         200  usart.o(.bss)
    UART1_Handler                            0x20004600   Data          64  usart.o(.bss)
    TIM3_Handler                             0x20004640   Data          60  pwm.o(.bss)
    TIM3_CH1Handler                          0x2000467c   Data          28  pwm.o(.bss)
    TIM3_CH2Handler                          0x20004698   Data          28  pwm.o(.bss)
    TIM4_Handler                             0x200046b4   Data          60  usmart.o(.bss)
    __libspace_start                         0x200046f0   Data          96  libspace.o(.bss)
    __temporary_stack_top$libspace           0x20004750   Data           0  libspace.o(.bss)



==============================================================================

Memory Map of the image

  Image Entry point : 0x08000131

  Load Region LR_IROM1 (Base: 0x08000000, Size: 0x00007eac, Max: 0x00010000, ABSOLUTE, COMPRESSED[0x00007da0])

    Execution Region ER_IROM1 (Exec base: 0x08000000, Load base: 0x08000000, Size: 0x00007d3c, Max: 0x00010000, ABSOLUTE)

    Exec Addr    Load Addr    Size         Type   Attr      Idx    E Section Name        Object

    0x08000000   0x08000000   0x00000130   Data   RO          488    RESET               startup_stm32f103xe.o
    0x08000130   0x08000130   0x00000008   Code   RO         4372  * !!!main             c_w.l(__main.o)
    0x08000138   0x08000138   0x00000034   Code   RO         4714    !!!scatter          c_w.l(__scatter.o)
    0x0800016c   0x0800016c   0x0000005a   Code   RO         4712    !!dczerorl2         c_w.l(__dczerorl2.o)
    0x080001c6   0x080001c6   0x00000002   PAD
    0x080001c8   0x080001c8   0x0000001c   Code   RO         4716    !!handler_zi        c_w.l(__scatter_zi.o)
    0x080001e4   0x080001e4   0x00000000   Code   RO         4369    .ARM.Collect$$_printf_percent$$00000000  c_w.l(_printf_percent.o)
    0x080001e4   0x080001e4   0x00000006   Code   RO         4368    .ARM.Collect$$_printf_percent$$00000003  c_w.l(_printf_f.o)
    0x080001ea   0x080001ea   0x00000006   Code   RO         4366    .ARM.Collect$$_printf_percent$$00000009  c_w.l(_printf_d.o)
    0x080001f0   0x080001f0   0x00000006   Code   RO         4367    .ARM.Collect$$_printf_percent$$0000000A  c_w.l(_printf_u.o)
    0x080001f6   0x080001f6   0x00000006   Code   RO         4365    .ARM.Collect$$_printf_percent$$0000000C  c_w.l(_printf_x.o)
    0x080001fc   0x080001fc   0x00000006   Code   RO         4363    .ARM.Collect$$_printf_percent$$00000013  c_w.l(_printf_c.o)
    0x08000202   0x08000202   0x00000006   Code   RO         4364    .ARM.Collect$$_printf_percent$$00000014  c_w.l(_printf_s.o)
    0x08000208   0x08000208   0x00000004   Code   RO         4455    .ARM.Collect$$_printf_percent$$00000017  c_w.l(_printf_percent_end.o)
    0x0800020c   0x0800020c   0x00000002   Code   RO         4585    .ARM.Collect$$libinit$$00000000  c_w.l(libinit.o)
    0x0800020e   0x0800020e   0x00000000   Code   RO         4587    .ARM.Collect$$libinit$$00000002  c_w.l(libinit2.o)
    0x0800020e   0x0800020e   0x00000000   Code   RO         4589    .ARM.Collect$$libinit$$00000004  c_w.l(libinit2.o)
    0x0800020e   0x0800020e   0x00000000   Code   RO         4592    .ARM.Collect$$libinit$$0000000A  c_w.l(libinit2.o)
    0x0800020e   0x0800020e   0x00000000   Code   RO         4594    .ARM.Collect$$libinit$$0000000C  c_w.l(libinit2.o)
    0x0800020e   0x0800020e   0x00000000   Code   RO         4596    .ARM.Collect$$libinit$$0000000E  c_w.l(libinit2.o)
    0x0800020e   0x0800020e   0x00000006   Code   RO         4597    .ARM.Collect$$libinit$$0000000F  c_w.l(libinit2.o)
    0x08000214   0x08000214   0x00000000   Code   RO         4599    .ARM.Collect$$libinit$$00000011  c_w.l(libinit2.o)
    0x08000214   0x08000214   0x00000000   Code   RO         4601    .ARM.Collect$$libinit$$00000013  c_w.l(libinit2.o)
    0x08000214   0x08000214   0x00000000   Code   RO         4603    .ARM.Collect$$libinit$$00000015  c_w.l(libinit2.o)
    0x08000214   0x08000214   0x0000000a   Code   RO         4604    .ARM.Collect$$libinit$$00000016  c_w.l(libinit2.o)
    0x0800021e   0x0800021e   0x00000000   Code   RO         4605    .ARM.Collect$$libinit$$00000017  c_w.l(libinit2.o)
    0x0800021e   0x0800021e   0x00000000   Code   RO         4607    .ARM.Collect$$libinit$$00000019  c_w.l(libinit2.o)
    0x0800021e   0x0800021e   0x00000000   Code   RO         4609    .ARM.Collect$$libinit$$0000001B  c_w.l(libinit2.o)
    0x0800021e   0x0800021e   0x00000000   Code   RO         4611    .ARM.Collect$$libinit$$0000001D  c_w.l(libinit2.o)
    0x0800021e   0x0800021e   0x00000000   Code   RO         4613    .ARM.Collect$$libinit$$0000001F  c_w.l(libinit2.o)
    0x0800021e   0x0800021e   0x00000000   Code   RO         4615    .ARM.Collect$$libinit$$00000021  c_w.l(libinit2.o)
    0x0800021e   0x0800021e   0x00000000   Code   RO         4617    .ARM.Collect$$libinit$$00000023  c_w.l(libinit2.o)
    0x0800021e   0x0800021e   0x00000000   Code   RO         4619    .ARM.Collect$$libinit$$00000025  c_w.l(libinit2.o)
    0x0800021e   0x0800021e   0x00000000   Code   RO         4623    .ARM.Collect$$libinit$$0000002C  c_w.l(libinit2.o)
    0x0800021e   0x0800021e   0x00000000   Code   RO         4625    .ARM.Collect$$libinit$$0000002E  c_w.l(libinit2.o)
    0x0800021e   0x0800021e   0x00000000   Code   RO         4627    .ARM.Collect$$libinit$$00000030  c_w.l(libinit2.o)
    0x0800021e   0x0800021e   0x00000000   Code   RO         4629    .ARM.Collect$$libinit$$00000032  c_w.l(libinit2.o)
    0x0800021e   0x0800021e   0x00000002   Code   RO         4630    .ARM.Collect$$libinit$$00000033  c_w.l(libinit2.o)
    0x08000220   0x08000220   0x00000002   Code   RO         4660    .ARM.Collect$$libshutdown$$00000000  c_w.l(libshutdown.o)
    0x08000222   0x08000222   0x00000000   Code   RO         4669    .ARM.Collect$$libshutdown$$00000002  c_w.l(libshutdown2.o)
    0x08000222   0x08000222   0x00000000   Code   RO         4671    .ARM.Collect$$libshutdown$$00000004  c_w.l(libshutdown2.o)
    0x08000222   0x08000222   0x00000000   Code   RO         4673    .ARM.Collect$$libshutdown$$00000006  c_w.l(libshutdown2.o)
    0x08000222   0x08000222   0x00000000   Code   RO         4676    .ARM.Collect$$libshutdown$$00000009  c_w.l(libshutdown2.o)
    0x08000222   0x08000222   0x00000000   Code   RO         4679    .ARM.Collect$$libshutdown$$0000000C  c_w.l(libshutdown2.o)
    0x08000222   0x08000222   0x00000000   Code   RO         4681    .ARM.Collect$$libshutdown$$0000000E  c_w.l(libshutdown2.o)
    0x08000222   0x08000222   0x00000000   Code   RO         4684    .ARM.Collect$$libshutdown$$00000011  c_w.l(libshutdown2.o)
    0x08000222   0x08000222   0x00000002   Code   RO         4685    .ARM.Collect$$libshutdown$$00000012  c_w.l(libshutdown2.o)
    0x08000224   0x08000224   0x00000000   Code   RO         4444    .ARM.Collect$$rtentry$$00000000  c_w.l(__rtentry.o)
    0x08000224   0x08000224   0x00000000   Code   RO         4497    .ARM.Collect$$rtentry$$00000002  c_w.l(__rtentry2.o)
    0x08000224   0x08000224   0x00000006   Code   RO         4509    .ARM.Collect$$rtentry$$00000004  c_w.l(__rtentry4.o)
    0x0800022a   0x0800022a   0x00000000   Code   RO         4499    .ARM.Collect$$rtentry$$00000009  c_w.l(__rtentry2.o)
    0x0800022a   0x0800022a   0x00000004   Code   RO         4500    .ARM.Collect$$rtentry$$0000000A  c_w.l(__rtentry2.o)
    0x0800022e   0x0800022e   0x00000000   Code   RO         4502    .ARM.Collect$$rtentry$$0000000C  c_w.l(__rtentry2.o)
    0x0800022e   0x0800022e   0x00000008   Code   RO         4503    .ARM.Collect$$rtentry$$0000000D  c_w.l(__rtentry2.o)
    0x08000236   0x08000236   0x00000002   Code   RO         4633    .ARM.Collect$$rtexit$$00000000  c_w.l(rtexit.o)
    0x08000238   0x08000238   0x00000000   Code   RO         4640    .ARM.Collect$$rtexit$$00000002  c_w.l(rtexit2.o)
    0x08000238   0x08000238   0x00000004   Code   RO         4641    .ARM.Collect$$rtexit$$00000003  c_w.l(rtexit2.o)
    0x0800023c   0x0800023c   0x00000006   Code   RO         4642    .ARM.Collect$$rtexit$$00000004  c_w.l(rtexit2.o)
    0x08000242   0x08000242   0x00000002   PAD
    0x08000244   0x08000244   0x00000040   Code   RO          489    .text               startup_stm32f103xe.o
    0x08000284   0x08000284   0x00000002   Code   RO         4308    .text               c_w.l(use_no_semi_2.o)
    0x08000286   0x08000286   0x00000002   PAD
    0x08000288   0x08000288   0x00000018   Code   RO         4312    .text               c_w.l(noretval__2printf.o)
    0x080002a0   0x080002a0   0x0000004e   Code   RO         4316    .text               c_w.l(_printf_pad.o)
    0x080002ee   0x080002ee   0x00000052   Code   RO         4318    .text               c_w.l(_printf_str.o)
    0x08000340   0x08000340   0x00000078   Code   RO         4320    .text               c_w.l(_printf_dec.o)
    0x080003b8   0x080003b8   0x00000058   Code   RO         4325    .text               c_w.l(_printf_hex_int.o)
    0x08000410   0x08000410   0x00000188   Code   RO         4360    .text               c_w.l(__printf_flags_ss_wp.o)
    0x08000598   0x08000598   0x00000006   Code   RO         4370    .text               c_w.l(heapauxi.o)
    0x0800059e   0x0800059e   0x00000002   Code   RO         4442    .text               c_w.l(use_no_semi.o)
    0x080005a0   0x080005a0   0x00000016   Code   RO         4445    .text               c_w.l(_rserrno.o)
    0x080005b6   0x080005b6   0x000000b2   Code   RO         4447    .text               c_w.l(_printf_intcommon.o)
    0x08000668   0x08000668   0x0000041e   Code   RO         4449    .text               c_w.l(_printf_fp_dec.o)
    0x08000a86   0x08000a86   0x0000002c   Code   RO         4451    .text               c_w.l(_printf_char.o)
    0x08000ab2   0x08000ab2   0x00000002   PAD
    0x08000ab4   0x08000ab4   0x00000024   Code   RO         4453    .text               c_w.l(_printf_char_file.o)
    0x08000ad8   0x08000ad8   0x00000008   Code   RO         4514    .text               c_w.l(rt_locale_intlibspace.o)
    0x08000ae0   0x08000ae0   0x00000008   Code   RO         4519    .text               c_w.l(rt_errno_addr_intlibspace.o)
    0x08000ae8   0x08000ae8   0x0000008a   Code   RO         4521    .text               c_w.l(lludiv10.o)
    0x08000b72   0x08000b72   0x00000002   PAD
    0x08000b74   0x08000b74   0x00000030   Code   RO         4523    .text               c_w.l(_printf_char_common.o)
    0x08000ba4   0x08000ba4   0x00000080   Code   RO         4525    .text               c_w.l(_printf_fp_infnan.o)
    0x08000c24   0x08000c24   0x000000e4   Code   RO         4527    .text               c_w.l(bigflt0.o)
    0x08000d08   0x08000d08   0x00000008   Code   RO         4552    .text               c_w.l(ferror.o)
    0x08000d10   0x08000d10   0x00000008   Code   RO         4569    .text               c_w.l(libspace.o)
    0x08000d18   0x08000d18   0x0000004a   Code   RO         4572    .text               c_w.l(sys_stackheap_outer.o)
    0x08000d62   0x08000d62   0x00000012   Code   RO         4576    .text               c_w.l(exit.o)
    0x08000d74   0x08000d74   0x00000080   Code   RO         4578    .text               c_w.l(strcmpv7m.o)
    0x08000df4   0x08000df4   0x0000003e   Code   RO         4530    CL$$btod_d2e        c_w.l(btod.o)
    0x08000e32   0x08000e32   0x00000046   Code   RO         4532    CL$$btod_d2e_denorm_low  c_w.l(btod.o)
    0x08000e78   0x08000e78   0x00000060   Code   RO         4531    CL$$btod_d2e_norm_op1  c_w.l(btod.o)
    0x08000ed8   0x08000ed8   0x00000338   Code   RO         4540    CL$$btod_div_common  c_w.l(btod.o)
    0x08001210   0x08001210   0x000000dc   Code   RO         4537    CL$$btod_e2e        c_w.l(btod.o)
    0x080012ec   0x080012ec   0x0000002a   Code   RO         4534    CL$$btod_ediv       c_w.l(btod.o)
    0x08001316   0x08001316   0x0000002a   Code   RO         4533    CL$$btod_emul       c_w.l(btod.o)
    0x08001340   0x08001340   0x00000244   Code   RO         4539    CL$$btod_mult_common  c_w.l(btod.o)
    0x08001584   0x08001584   0x00000002   Code   RO          267    i.BusFault_Handler  stm32f1xx_it.o
    0x08001586   0x08001586   0x0000001e   Code   RO         3773    i.CheckAdjacentPixels  mlx90640_api.o
    0x080015a4   0x080015a4   0x00000014   Code   RO         3774    i.CheckEEPROMValid  mlx90640_api.o
    0x080015b8   0x080015b8   0x00000002   Code   RO          268    i.DebugMon_Handler  stm32f1xx_it.o
    0x080015ba   0x080015ba   0x00000002   PAD
    0x080015bc   0x080015bc   0x0000017c   Code   RO         3775    i.ExtractAlphaParameters  mlx90640_api.o
    0x08001738   0x08001738   0x000000b8   Code   RO         3776    i.ExtractCILCParameters  mlx90640_api.o
    0x080017f0   0x080017f0   0x0000019c   Code   RO         3777    i.ExtractCPParameters  mlx90640_api.o
    0x0800198c   0x0800198c   0x0000013a   Code   RO         3778    i.ExtractDeviatingPixels  mlx90640_api.o
    0x08001ac6   0x08001ac6   0x00000010   Code   RO         3779    i.ExtractGainParameters  mlx90640_api.o
    0x08001ad6   0x08001ad6   0x00000002   PAD
    0x08001ad8   0x08001ad8   0x0000002c   Code   RO         3780    i.ExtractKsTaParameters  mlx90640_api.o
    0x08001b04   0x08001b04   0x000000a4   Code   RO         3781    i.ExtractKsToParameters  mlx90640_api.o
    0x08001ba8   0x08001ba8   0x00000128   Code   RO         3782    i.ExtractKtaPixelParameters  mlx90640_api.o
    0x08001cd0   0x08001cd0   0x000000d6   Code   RO         3783    i.ExtractKvPixelParameters  mlx90640_api.o
    0x08001da6   0x08001da6   0x0000011a   Code   RO         3784    i.ExtractOffsetParameters  mlx90640_api.o
    0x08001ec0   0x08001ec0   0x0000008c   Code   RO         3785    i.ExtractPTATParameters  mlx90640_api.o
    0x08001f4c   0x08001f4c   0x0000000e   Code   RO         3786    i.ExtractResolutionParameters  mlx90640_api.o
    0x08001f5a   0x08001f5a   0x00000002   PAD
    0x08001f5c   0x08001f5c   0x0000002c   Code   RO         3787    i.ExtractTgcParameters  mlx90640_api.o
    0x08001f88   0x08001f88   0x00000026   Code   RO         3788    i.ExtractVDDParameters  mlx90640_api.o
    0x08001fae   0x08001fae   0x00000016   Code   RO          503    i.HAL_Delay         stm32f1xx_hal.o
    0x08001fc4   0x08001fc4   0x00000210   Code   RO          750    i.HAL_GPIO_Init     stm32f1xx_hal_gpio.o
    0x080021d4   0x080021d4   0x0000000e   Code   RO          752    i.HAL_GPIO_ReadPin  stm32f1xx_hal_gpio.o
    0x080021e2   0x080021e2   0x0000000e   Code   RO          754    i.HAL_GPIO_WritePin  stm32f1xx_hal_gpio.o
    0x080021f0   0x080021f0   0x0000000c   Code   RO          507    i.HAL_GetTick       stm32f1xx_hal.o
    0x080021fc   0x080021fc   0x00000010   Code   RO          508    i.HAL_IncTick       stm32f1xx_hal.o
    0x0800220c   0x0800220c   0x00000024   Code   RO          509    i.HAL_Init          stm32f1xx_hal.o
    0x08002230   0x08002230   0x00000022   Code   RO          510    i.HAL_InitTick      stm32f1xx_hal.o
    0x08002252   0x08002252   0x00000002   Code   RO          460    i.HAL_MspInit       stm32f1xx_hal_msp.o
    0x08002254   0x08002254   0x00000016   Code   RO          632    i.HAL_NVIC_EnableIRQ  stm32f1xx_hal_cortex.o
    0x0800226a   0x0800226a   0x00000002   PAD
    0x0800226c   0x0800226c   0x00000040   Code   RO          638    i.HAL_NVIC_SetPriority  stm32f1xx_hal_cortex.o
    0x080022ac   0x080022ac   0x00000024   Code   RO          639    i.HAL_NVIC_SetPriorityGrouping  stm32f1xx_hal_cortex.o
    0x080022d0   0x080022d0   0x000001e0   Code   RO          975    i.HAL_RCC_ClockConfig  stm32f1xx_hal_rcc.o
    0x080024b0   0x080024b0   0x0000000c   Code   RO          980    i.HAL_RCC_GetHCLKFreq  stm32f1xx_hal_rcc.o
    0x080024bc   0x080024bc   0x0000002c   Code   RO          982    i.HAL_RCC_GetPCLK1Freq  stm32f1xx_hal_rcc.o
    0x080024e8   0x080024e8   0x0000002c   Code   RO          983    i.HAL_RCC_GetPCLK2Freq  stm32f1xx_hal_rcc.o
    0x08002514   0x08002514   0x00000090   Code   RO          984    i.HAL_RCC_GetSysClockFreq  stm32f1xx_hal_rcc.o
    0x080025a4   0x080025a4   0x000005ea   Code   RO          987    i.HAL_RCC_OscConfig  stm32f1xx_hal_rcc.o
    0x08002b8e   0x08002b8e   0x0000001c   Code   RO          641    i.HAL_SYSTICK_CLKSourceConfig  stm32f1xx_hal_cortex.o
    0x08002baa   0x08002baa   0x00000028   Code   RO          643    i.HAL_SYSTICK_Config  stm32f1xx_hal_cortex.o
    0x08002bd2   0x08002bd2   0x00000002   Code   RO         2295    i.HAL_TIMEx_BreakCallback  stm32f1xx_hal_tim_ex.o
    0x08002bd4   0x08002bd4   0x00000002   Code   RO         2296    i.HAL_TIMEx_CommutationCallback  stm32f1xx_hal_tim_ex.o
    0x08002bd6   0x08002bd6   0x00000038   Code   RO         1656    i.HAL_TIM_Base_Init  stm32f1xx_hal_tim.o
    0x08002c0e   0x08002c0e   0x00000002   PAD
    0x08002c10   0x08002c10   0x0000003c   Code   RO         4008    i.HAL_TIM_Base_MspInit  pwm.o
    0x08002c4c   0x08002c4c   0x00000018   Code   RO         1661    i.HAL_TIM_Base_Start_IT  stm32f1xx_hal_tim.o
    0x08002c64   0x08002c64   0x00000002   Code   RO         1685    i.HAL_TIM_IC_CaptureCallback  stm32f1xx_hal_tim.o
    0x08002c66   0x08002c66   0x0000016e   Code   RO         1698    i.HAL_TIM_IRQHandler  stm32f1xx_hal_tim.o
    0x08002dd4   0x08002dd4   0x00000002   Code   RO         1701    i.HAL_TIM_OC_DelayElapsedCallback  stm32f1xx_hal_tim.o
    0x08002dd6   0x08002dd6   0x000000da   Code   RO         1722    i.HAL_TIM_PWM_ConfigChannel  stm32f1xx_hal_tim.o
    0x08002eb0   0x08002eb0   0x00000038   Code   RO         1725    i.HAL_TIM_PWM_Init  stm32f1xx_hal_tim.o
    0x08002ee8   0x08002ee8   0x00000058   Code   RO         4009    i.HAL_TIM_PWM_MspInit  pwm.o
    0x08002f40   0x08002f40   0x00000002   Code   RO         1728    i.HAL_TIM_PWM_PulseFinishedCallback  stm32f1xx_hal_tim.o
    0x08002f42   0x08002f42   0x00000002   PAD
    0x08002f44   0x08002f44   0x00000038   Code   RO         1729    i.HAL_TIM_PWM_Start  stm32f1xx_hal_tim.o
    0x08002f7c   0x08002f7c   0x00000002   Code   RO         4010    i.HAL_TIM_PeriodElapsedCallback  pwm.o
    0x08002f7e   0x08002f7e   0x00000002   Code   RO         1739    i.HAL_TIM_TriggerCallback  stm32f1xx_hal_tim.o
    0x08002f80   0x08002f80   0x00000002   Code   RO         1124    i.HAL_UART_ErrorCallback  stm32f1xx_hal_uart.o
    0x08002f82   0x08002f82   0x00000006   Code   RO         1126    i.HAL_UART_GetState  stm32f1xx_hal_uart.o
    0x08002f88   0x08002f88   0x000000be   Code   RO         1127    i.HAL_UART_IRQHandler  stm32f1xx_hal_uart.o
    0x08003046   0x08003046   0x00000060   Code   RO         1128    i.HAL_UART_Init     stm32f1xx_hal_uart.o
    0x080030a6   0x080030a6   0x00000002   PAD
    0x080030a8   0x080030a8   0x0000008c   Code   RO         3344    i.HAL_UART_MspInit  usart.o
    0x08003134   0x08003134   0x00000070   Code   RO         1133    i.HAL_UART_Receive_IT  stm32f1xx_hal_uart.o
    0x080031a4   0x080031a4   0x0000005c   Code   RO         3345    i.HAL_UART_RxCpltCallback  usart.o
    0x08003200   0x08003200   0x00000002   Code   RO         1139    i.HAL_UART_TxCpltCallback  stm32f1xx_hal_uart.o
    0x08003202   0x08003202   0x00000002   Code   RO          269    i.HardFault_Handler  stm32f1xx_it.o
    0x08003204   0x08003204   0x00000060   Code   RO         3656    i.KEY_Init          key.o
    0x08003264   0x08003264   0x00000070   Code   RO         3410    i.LED_Init          led.o
    0x080032d4   0x080032d4   0x000005b4   Code   RO         3789    i.MLX90640_CalculateTo  mlx90640_api.o
    0x08003888   0x08003888   0x0000000e   Code   RO         3790    i.MLX90640_DumpEE   mlx90640_api.o
    0x08003896   0x08003896   0x00000086   Code   RO         3791    i.MLX90640_ExtractParameters  mlx90640_api.o
    0x0800391c   0x0800391c   0x000000aa   Code   RO         3794    i.MLX90640_GetFrameData  mlx90640_api.o
    0x080039c6   0x080039c6   0x00000002   PAD
    0x080039c8   0x080039c8   0x000000f0   Code   RO         3798    i.MLX90640_GetTa    mlx90640_api.o
    0x08003ab8   0x08003ab8   0x000000ac   Code   RO         3799    i.MLX90640_GetVdd   mlx90640_api.o
    0x08003b64   0x08003b64   0x00000004   Code   RO         3972    i.MLX90640_I2CInit  mlx90640_swi2c_driver.o
    0x08003b68   0x08003b68   0x000000b4   Code   RO         3973    i.MLX90640_I2CRead  mlx90640_swi2c_driver.o
    0x08003c1c   0x08003c1c   0x000000b0   Code   RO         3974    i.MLX90640_I2CWrite  mlx90640_swi2c_driver.o
    0x08003ccc   0x08003ccc   0x0000002a   Code   RO         3800    i.MLX90640_SetChessMode  mlx90640_api.o
    0x08003cf6   0x08003cf6   0x00000032   Code   RO         3802    i.MLX90640_SetRefreshRate  mlx90640_api.o
    0x08003d28   0x08003d28   0x00000004   Code   RO         4011    i.MOVEX             pwm.o
    0x08003d2c   0x08003d2c   0x00000004   Code   RO         4012    i.MOVEY             pwm.o
    0x08003d30   0x08003d30   0x00000016   Code   RO         4013    i.MOVE_Init         pwm.o
    0x08003d46   0x08003d46   0x00000002   Code   RO          270    i.MemManage_Handler  stm32f1xx_it.o
    0x08003d48   0x08003d48   0x00000002   Code   RO          271    i.NMI_Handler       stm32f1xx_it.o
    0x08003d4a   0x08003d4a   0x00000020   Code   RO          645    i.NVIC_SetPriority  stm32f1xx_hal_cortex.o
    0x08003d6a   0x08003d6a   0x0000001e   Code   RO         4014    i.PID_Init          pwm.o
    0x08003d88   0x08003d88   0x0000007a   Code   RO         4015    i.PID_Update        pwm.o
    0x08003e02   0x08003e02   0x00000002   Code   RO          272    i.PendSV_Handler    stm32f1xx_it.o
    0x08003e04   0x08003e04   0x0000003c   Code   RO         3687    i.SDA_IN            myiic.o
    0x08003e40   0x08003e40   0x0000003c   Code   RO         3688    i.SDA_OUT           myiic.o
    0x08003e7c   0x08003e7c   0x00000002   Code   RO          273    i.SVC_Handler       stm32f1xx_it.o
    0x08003e7e   0x08003e7e   0x00000044   Code   RO         3301    i.Stm32_Clock_Init  sys.o
    0x08003ec2   0x08003ec2   0x00000004   Code   RO          274    i.SysTick_Handler   stm32f1xx_it.o
    0x08003ec6   0x08003ec6   0x00000002   PAD
    0x08003ec8   0x08003ec8   0x00000048   Code   RO          346    i.SystemInit        system_stm32f1xx.o
    0x08003f10   0x08003f10   0x0000000c   Code   RO         4016    i.TIM3_IRQHandler   pwm.o
    0x08003f1c   0x08003f1c   0x00000060   Code   RO         4018    i.TIM3_PWM_Init     pwm.o
    0x08003f7c   0x08003f7c   0x00000034   Code   RO         4110    i.TIM4_IRQHandler   usmart.o
    0x08003fb0   0x08003fb0   0x00000088   Code   RO         1740    i.TIM_Base_SetConfig  stm32f1xx_hal_tim.o
    0x08004038   0x08004038   0x00000016   Code   RO         1741    i.TIM_CCxChannelCmd  stm32f1xx_hal_tim.o
    0x0800404e   0x0800404e   0x00000002   PAD
    0x08004050   0x08004050   0x00000068   Code   RO         1749    i.TIM_OC1_SetConfig  stm32f1xx_hal_tim.o
    0x080040b8   0x080040b8   0x00000074   Code   RO         1750    i.TIM_OC2_SetConfig  stm32f1xx_hal_tim.o
    0x0800412c   0x0800412c   0x00000070   Code   RO         1751    i.TIM_OC3_SetConfig  stm32f1xx_hal_tim.o
    0x0800419c   0x0800419c   0x00000054   Code   RO         1752    i.TIM_OC4_SetConfig  stm32f1xx_hal_tim.o
    0x080041f0   0x080041f0   0x0000000c   Code   RO         4019    i.TIM_SetTIM3Compare1  pwm.o
    0x080041fc   0x080041fc   0x0000000c   Code   RO         4020    i.TIM_SetTIM3Compare2  pwm.o
    0x08004208   0x08004208   0x00000054   Code   RO         4111    i.Timer4_Init       usmart.o
    0x0800425c   0x0800425c   0x0000002a   Code   RO         1146    i.UART_EndTransmit_IT  stm32f1xx_hal_uart.o
    0x08004286   0x08004286   0x000000b0   Code   RO         1147    i.UART_Receive_IT   stm32f1xx_hal_uart.o
    0x08004336   0x08004336   0x00000002   PAD
    0x08004338   0x08004338   0x0000019c   Code   RO         1148    i.UART_SetConfig    stm32f1xx_hal_uart.o
    0x080044d4   0x080044d4   0x0000006a   Code   RO         1149    i.UART_Transmit_IT  stm32f1xx_hal_uart.o
    0x0800453e   0x0800453e   0x00000002   PAD
    0x08004540   0x08004540   0x0000002c   Code   RO         3346    i.USART1_IRQHandler  usart.o
    0x0800456c   0x0800456c   0x00000002   Code   RO          275    i.UsageFault_Handler  stm32f1xx_it.o
    0x0800456e   0x0800456e   0x00000028   Code   RO         4491    i.__ARM_fpclassify  m_ws.l(fpclassify.o)
    0x08004596   0x08004596   0x000000aa   Code   RO         4493    i.__kernel_poly     m_ws.l(poly.o)
    0x08004640   0x08004640   0x00000010   Code   RO         4477    i.__mathlib_dbl_divzero  m_ws.l(dunder.o)
    0x08004650   0x08004650   0x00000004   Code   RO         4479    i.__mathlib_dbl_infnan2  m_ws.l(dunder.o)
    0x08004654   0x08004654   0x0000000c   Code   RO         4480    i.__mathlib_dbl_invalid  m_ws.l(dunder.o)
    0x08004660   0x08004660   0x0000000e   Code   RO         4481    i.__mathlib_dbl_overflow  m_ws.l(dunder.o)
    0x0800466e   0x0800466e   0x00000002   PAD
    0x08004670   0x08004670   0x00000010   Code   RO         4483    i.__mathlib_dbl_underflow  m_ws.l(dunder.o)
    0x08004680   0x08004680   0x0000000e   Code   RO         4353    i._is_digit         c_w.l(__printf_wp.o)
    0x0800468e   0x0800468e   0x00000002   Code   RO         3347    i._sys_exit         usart.o
    0x08004690   0x08004690   0x00000014   Code   RO         3260    i.delay_init        delay.o
    0x080046a4   0x080046a4   0x0000001a   Code   RO         3261    i.delay_ms          delay.o
    0x080046be   0x080046be   0x00000002   PAD
    0x080046c0   0x080046c0   0x00000038   Code   RO         3262    i.delay_us          delay.o
    0x080046f8   0x080046f8   0x0000005c   Code   RO            4    i.findMaxValueAndPosition  main.o
    0x08004754   0x08004754   0x00000018   Code   RO         3348    i.fputc             usart.o
    0x0800476c   0x0800476c   0x0000004c   Code   RO         3689    i.iic_ack           myiic.o
    0x080047b8   0x080047b8   0x00000020   Code   RO         3690    i.iic_delay         myiic.o
    0x080047d8   0x080047d8   0x00000040   Code   RO         3691    i.iic_init          myiic.o
    0x08004818   0x08004818   0x00000038   Code   RO         3692    i.iic_nack          myiic.o
    0x08004850   0x08004850   0x0000007c   Code   RO         3693    i.iic_read_byte     myiic.o
    0x080048cc   0x080048cc   0x00000064   Code   RO         3694    i.iic_send_byte     myiic.o
    0x08004930   0x08004930   0x00000044   Code   RO         3695    i.iic_start         myiic.o
    0x08004974   0x08004974   0x0000003c   Code   RO         3696    i.iic_stop          myiic.o
    0x080049b0   0x080049b0   0x00000064   Code   RO         3697    i.iic_wait_ack      myiic.o
    0x08004a14   0x08004a14   0x00000354   Code   RO            6    i.main              main.o
    0x08004d68   0x08004d68   0x000009d8   Code   RO         4425    i.pow               m_ws.l(pow.o)
    0x08005740   0x08005740   0x00000004   Code   RO         4112    i.read_addr         usmart.o
    0x08005744   0x08005744   0x0000004c   Code   RO         4435    i.sqrt              m_ws.l(sqrt.o)
    0x08005790   0x08005790   0x00000038   Code   RO         3349    i.uart_init         usart.o
    0x080057c8   0x080057c8   0x00000094   Code   RO         4113    i.usmart_cmd_rec    usmart.o
    0x0800585c   0x0800585c   0x00000278   Code   RO         4114    i.usmart_exe        usmart.o
    0x08005ad4   0x08005ad4   0x000000a4   Code   RO         4225    i.usmart_get_aparm  usmart_str.o
    0x08005b78   0x08005b78   0x0000002e   Code   RO         4226    i.usmart_get_cmdname  usmart_str.o
    0x08005ba6   0x08005ba6   0x00000002   PAD
    0x08005ba8   0x08005ba8   0x00000174   Code   RO         4227    i.usmart_get_fname  usmart_str.o
    0x08005d1c   0x08005d1c   0x000000e0   Code   RO         4228    i.usmart_get_fparam  usmart_str.o
    0x08005dfc   0x08005dfc   0x00000024   Code   RO         4229    i.usmart_get_parmpos  usmart_str.o
    0x08005e20   0x08005e20   0x00000030   Code   RO         4115    i.usmart_get_runtime  usmart.o
    0x08005e50   0x08005e50   0x00000028   Code   RO         4116    i.usmart_init       usmart.o
    0x08005e78   0x08005e78   0x00000010   Code   RO         4230    i.usmart_pow        usmart_str.o
    0x08005e88   0x08005e88   0x00000028   Code   RO         4117    i.usmart_reset_runtime  usmart.o
    0x08005eb0   0x08005eb0   0x000000b0   Code   RO         4118    i.usmart_scan       usmart.o
    0x08005f60   0x08005f60   0x00000014   Code   RO         4231    i.usmart_search_nextc  usmart_str.o
    0x08005f74   0x08005f74   0x000000dc   Code   RO         4232    i.usmart_str2num    usmart_str.o
    0x08006050   0x08006050   0x0000001a   Code   RO         4233    i.usmart_strcmp     usmart_str.o
    0x0800606a   0x0800606a   0x00000012   Code   RO         4234    i.usmart_strcopy    usmart_str.o
    0x0800607c   0x0800607c   0x00000012   Code   RO         4235    i.usmart_strlen     usmart_str.o
    0x0800608e   0x0800608e   0x00000002   PAD
    0x08006090   0x08006090   0x000006a0   Code   RO         4119    i.usmart_sys_cmd_exe  usmart.o
    0x08006730   0x08006730   0x00000004   Code   RO         4120    i.write_addr        usmart.o
    0x08006734   0x08006734   0x0000002c   Code   RO         4557    locale$$code        c_w.l(lc_numeric_c.o)
    0x08006760   0x08006760   0x00000062   Code   RO         4374    x$fpl$d2f           fz_ws.l(d2f.o)
    0x080067c2   0x080067c2   0x00000002   PAD
    0x080067c4   0x080067c4   0x00000150   Code   RO         4376    x$fpl$dadd          fz_ws.l(daddsub_clz.o)
    0x08006914   0x08006914   0x00000010   Code   RO         4559    x$fpl$dcheck1       fz_ws.l(dcheck1.o)
    0x08006924   0x08006924   0x00000018   Code   RO         4561    x$fpl$dcmpinf       fz_ws.l(dcmpi.o)
    0x0800693c   0x0800693c   0x000002b0   Code   RO         4383    x$fpl$ddiv          fz_ws.l(ddiv.o)
    0x08006bec   0x08006bec   0x0000005a   Code   RO         4386    x$fpl$dfixu         fz_ws.l(dfixu.o)
    0x08006c46   0x08006c46   0x0000002e   Code   RO         4391    x$fpl$dflt          fz_ws.l(dflt_clz.o)
    0x08006c74   0x08006c74   0x00000026   Code   RO         4390    x$fpl$dfltu         fz_ws.l(dflt_clz.o)
    0x08006c9a   0x08006c9a   0x00000002   PAD
    0x08006c9c   0x08006c9c   0x00000078   Code   RO         4456    x$fpl$dleqf         fz_ws.l(dleqf.o)
    0x08006d14   0x08006d14   0x00000154   Code   RO         4396    x$fpl$dmul          fz_ws.l(dmul.o)
    0x08006e68   0x08006e68   0x0000009c   Code   RO         4458    x$fpl$dnaninf       fz_ws.l(dnaninf.o)
    0x08006f04   0x08006f04   0x0000000c   Code   RO         4460    x$fpl$dretinf       fz_ws.l(dretinf.o)
    0x08006f10   0x08006f10   0x0000006c   Code   RO         4462    x$fpl$drleqf        fz_ws.l(drleqf.o)
    0x08006f7c   0x08006f7c   0x00000016   Code   RO         4377    x$fpl$drsb          fz_ws.l(daddsub_clz.o)
    0x08006f92   0x08006f92   0x00000002   PAD
    0x08006f94   0x08006f94   0x000001cc   Code   RO         4464    x$fpl$dsqrt         fz_ws.l(dsqrt_noumaal.o)
    0x08007160   0x08007160   0x000001d4   Code   RO         4378    x$fpl$dsub          fz_ws.l(daddsub_clz.o)
    0x08007334   0x08007334   0x00000056   Code   RO         4398    x$fpl$f2d           fz_ws.l(f2d.o)
    0x0800738a   0x0800738a   0x00000002   PAD
    0x0800738c   0x0800738c   0x000000c4   Code   RO         4400    x$fpl$fadd          fz_ws.l(faddsub_clz.o)
    0x08007450   0x08007450   0x0000000c   Code   RO         4466    x$fpl$fcheck1       fz_ws.l(fcheck1.o)
    0x0800745c   0x0800745c   0x00000018   Code   RO         4563    x$fpl$fcmpinf       fz_ws.l(fcmpi.o)
    0x08007474   0x08007474   0x00000184   Code   RO         4407    x$fpl$fdiv          fz_ws.l(fdiv.o)
    0x080075f8   0x080075f8   0x00000030   Code   RO         4411    x$fpl$fflt          fz_ws.l(fflt_clz.o)
    0x08007628   0x08007628   0x00000026   Code   RO         4410    x$fpl$ffltu         fz_ws.l(fflt_clz.o)
    0x0800764e   0x0800764e   0x00000002   PAD
    0x08007650   0x08007650   0x00000068   Code   RO         4468    x$fpl$fleqf         fz_ws.l(fleqf.o)
    0x080076b8   0x080076b8   0x00000102   Code   RO         4416    x$fpl$fmul          fz_ws.l(fmul.o)
    0x080077ba   0x080077ba   0x0000008c   Code   RO         4470    x$fpl$fnaninf       fz_ws.l(fnaninf.o)
    0x08007846   0x08007846   0x0000000a   Code   RO         4472    x$fpl$fretinf       fz_ws.l(fretinf.o)
    0x08007850   0x08007850   0x00000062   Code   RO         4418    x$fpl$frleqf        fz_ws.l(frleqf.o)
    0x080078b2   0x080078b2   0x00000014   Code   RO         4401    x$fpl$frsb          fz_ws.l(faddsub_clz.o)
    0x080078c6   0x080078c6   0x00000002   PAD
    0x080078c8   0x080078c8   0x000000ea   Code   RO         4402    x$fpl$fsub          fz_ws.l(faddsub_clz.o)
    0x080079b2   0x080079b2   0x00000004   Code   RO         4420    x$fpl$printf1       fz_ws.l(printf1.o)
    0x080079b6   0x080079b6   0x00000064   Code   RO         4567    x$fpl$retnan        fz_ws.l(retnan.o)
    0x08007a1a   0x08007a1a   0x0000005c   Code   RO         4474    x$fpl$scalbn        fz_ws.l(scalbn.o)
    0x08007a76   0x08007a76   0x0000004c   Code   RO         4422    x$fpl$scalbnf       fz_ws.l(scalbnf.o)
    0x08007ac2   0x08007ac2   0x00000030   Code   RO         4631    x$fpl$trapveneer    fz_ws.l(trapv.o)
    0x08007af2   0x08007af2   0x00000000   Code   RO         4476    x$fpl$usenofp       fz_ws.l(usenofp.o)
    0x08007af2   0x08007af2   0x00000010   Data   RO          347    .constdata          system_stm32f1xx.o
    0x08007b02   0x08007b02   0x00000008   Data   RO          348    .constdata          system_stm32f1xx.o
    0x08007b0a   0x08007b0a   0x00000028   Data   RO         4326    .constdata          c_w.l(_printf_hex_int.o)
    0x08007b32   0x08007b32   0x00000011   Data   RO         4361    .constdata          c_w.l(__printf_flags_ss_wp.o)
    0x08007b43   0x08007b43   0x00000005   PAD
    0x08007b48   0x08007b48   0x00000088   Data   RO         4426    .constdata          m_ws.l(pow.o)
    0x08007bd0   0x08007bd0   0x00000008   Data   RO         4495    .constdata          m_ws.l(qnan.o)
    0x08007bd8   0x08007bd8   0x00000094   Data   RO         4528    .constdata          c_w.l(bigflt0.o)
    0x08007c6c   0x08007c6c   0x00000028   Data   RO         4122    .conststring        usmart.o
    0x08007c94   0x08007c94   0x0000006b   Data   RO         4199    .conststring        usmart_config.o
    0x08007cff   0x08007cff   0x00000001   PAD
    0x08007d00   0x08007d00   0x00000020   Data   RO         4710    Region$$Table       anon$$obj.o
    0x08007d20   0x08007d20   0x0000001c   Data   RO         4556    locale$$data        c_w.l(lc_numeric_c.o)


    Execution Region RW_IRAM1 (Exec base: 0x20000000, Load base: 0x08007d3c, Size: 0x00004d50, Max: 0x00005000, ABSOLUTE, COMPRESSED[0x00000064])

    Exec Addr    Load Addr    Size         Type   Attr      Idx    E Section Name        Object

    0x20000000   COMPRESSED   0x00000028   Data   RW            8    .data               main.o
    0x20000028   COMPRESSED   0x00000004   Data   RW          349    .data               system_stm32f1xx.o
    0x2000002c   COMPRESSED   0x00000004   Data   RW          515    .data               stm32f1xx_hal.o
    0x20000030   COMPRESSED   0x00000004   Data   RW         3263    .data               delay.o
    0x20000034   COMPRESSED   0x00000004   Data   RW         3351    .data               usart.o
    0x20000038   COMPRESSED   0x00000004   Data   RW         3352    .data               usart.o
    0x2000003c   COMPRESSED   0x00000002   Data   RW         3698    .data               myiic.o
    0x2000003e   COMPRESSED   0x00000002   PAD
    0x20000040   COMPRESSED   0x0000001c   Data   RW         4123    .data               usmart.o
    0x2000005c   COMPRESSED   0x00000020   Data   RW         4200    .data               usmart_config.o
    0x2000007c   COMPRESSED   0x000000f4   Data   RW         4201    .data               usmart_config.o
    0x20000170        -       0x000043c8   Zero   RW            7    .bss                main.o
    0x20004538        -       0x00000108   Zero   RW         3350    .bss                usart.o
    0x20004640        -       0x00000074   Zero   RW         4021    .bss                pwm.o
    0x200046b4        -       0x0000003c   Zero   RW         4121    .bss                usmart.o
    0x200046f0        -       0x00000060   Zero   RW         4570    .bss                c_w.l(libspace.o)
    0x20004750        -       0x00000200   Zero   RW          487    HEAP                startup_stm32f103xe.o
    0x20004950        -       0x00000400   Zero   RW          486    STACK               startup_stm32f103xe.o


==============================================================================

Image component sizes


      Code (inc. data)   RO Data    RW Data    ZI Data      Debug   Object Name

       102         10          0          4          0       1879   delay.o
        96         12          0          0          0        951   key.o
       112         14          0          0          0        923   led.o
       944        340          0         40      17352     501420   main.o
      4874        138          0          0          0      21885   mlx90640_api.o
       360          0          0          0          0       3150   mlx90640_swi2c_driver.o
       800         68          0          2          0       6748   myiic.o
       464         50          0          0        116       7514   pwm.o
        64         26        304          0       1536        812   startup_stm32f103xe.o
       120         16          0          4          0       3718   stm32f1xx_hal.o
       222         14          0          0          0      26465   stm32f1xx_hal_cortex.o
       556         40          0          0          0       3727   stm32f1xx_hal_gpio.o
         2          0          0          0          0        426   stm32f1xx_hal_msp.o
      2238         82          0          0          0       6480   stm32f1xx_hal_rcc.o
      1358         64          0          0          0      11766   stm32f1xx_hal_tim.o
         4          0          0          0          0       1574   stm32f1xx_hal_tim_ex.o
      1144          4          0          0          0       7495   stm32f1xx_hal_uart.o
        20          0          0          0          0       3818   stm32f1xx_it.o
        68          0          0          0          0        691   sys.o
        72         16         24          4          0       1119   system_stm32f1xx.o
       358         54          0          8        264       5441   usart.o
      2924       1350         40         28         60       8007   usmart.o
         0          0        107        276          0       1584   usmart_config.o
      1160         18          0          0          0       9173   usmart_str.o

    ----------------------------------------------------------------------
     18092       2316        508        368      19328     636766   Object Totals
         0          0         32          0          0          0   (incl. Generated)
        30          0          1          2          0          0   (incl. Padding)

    ----------------------------------------------------------------------

      Code (inc. data)   RO Data    RW Data    ZI Data      Debug   Library Member Name

        90          0          0          0          0          0   __dczerorl2.o
         8          0          0          0          0         68   __main.o
       392          4         17          0          0         92   __printf_flags_ss_wp.o
        14          0          0          0          0         68   __printf_wp.o
         0          0          0          0          0          0   __rtentry.o
        12          0          0          0          0          0   __rtentry2.o
         6          0          0          0          0          0   __rtentry4.o
        52          8          0          0          0          0   __scatter.o
        28          0          0          0          0          0   __scatter_zi.o
         6          0          0          0          0          0   _printf_c.o
        44          0          0          0          0        108   _printf_char.o
        48          6          0          0          0         96   _printf_char_common.o
        36          4          0          0          0         80   _printf_char_file.o
         6          0          0          0          0          0   _printf_d.o
       120         16          0          0          0         92   _printf_dec.o
         6          0          0          0          0          0   _printf_f.o
      1054          0          0          0          0        216   _printf_fp_dec.o
       128         16          0          0          0         84   _printf_fp_infnan.o
        88          4         40          0          0         88   _printf_hex_int.o
       178          0          0          0          0         88   _printf_intcommon.o
        78          0          0          0          0        108   _printf_pad.o
         0          0          0          0          0          0   _printf_percent.o
         4          0          0          0          0          0   _printf_percent_end.o
         6          0          0          0          0          0   _printf_s.o
        82          0          0          0          0         80   _printf_str.o
         6          0          0          0          0          0   _printf_u.o
         6          0          0          0          0          0   _printf_x.o
        22          0          0          0          0        100   _rserrno.o
       228          4        148          0          0         96   bigflt0.o
      1936        128          0          0          0        672   btod.o
        18          0          0          0          0         80   exit.o
         8          0          0          0          0         68   ferror.o
         6          0          0          0          0        152   heapauxi.o
        44         10         28          0          0         76   lc_numeric_c.o
         2          0          0          0          0          0   libinit.o
        18          0          0          0          0          0   libinit2.o
         2          0          0          0          0          0   libshutdown.o
         2          0          0          0          0          0   libshutdown2.o
         8          4          0          0         96         68   libspace.o
       138          0          0          0          0         80   lludiv10.o
        24          4          0          0          0         84   noretval__2printf.o
         8          4          0          0          0         68   rt_errno_addr_intlibspace.o
         8          4          0          0          0         68   rt_locale_intlibspace.o
         2          0          0          0          0          0   rtexit.o
        10          0          0          0          0          0   rtexit2.o
       128          0          0          0          0         68   strcmpv7m.o
        74          0          0          0          0         80   sys_stackheap_outer.o
         2          0          0          0          0         68   use_no_semi.o
         2          0          0          0          0         68   use_no_semi_2.o
        98          4          0          0          0         92   d2f.o
       826         16          0          0          0        348   daddsub_clz.o
        16          4          0          0          0         68   dcheck1.o
        24          0          0          0          0         68   dcmpi.o
       688        140          0          0          0        208   ddiv.o
        90          4          0          0          0         92   dfixu.o
        84          0          0          0          0        136   dflt_clz.o
       120          4          0          0          0         92   dleqf.o
       340         12          0          0          0        104   dmul.o
       156          4          0          0          0         92   dnaninf.o
        12          0          0          0          0         68   dretinf.o
       108          0          0          0          0         80   drleqf.o
       460         56          0          0          0        120   dsqrt_noumaal.o
        86          4          0          0          0         84   f2d.o
       450          8          0          0          0        236   faddsub_clz.o
        12          4          0          0          0         68   fcheck1.o
        24          0          0          0          0         68   fcmpi.o
       388         76          0          0          0         96   fdiv.o
        86          0          0          0          0        136   fflt_clz.o
       104          4          0          0          0         84   fleqf.o
       258          4          0          0          0         84   fmul.o
       140          4          0          0          0         84   fnaninf.o
        10          0          0          0          0         68   fretinf.o
        98          0          0          0          0         68   frleqf.o
         4          0          0          0          0         68   printf1.o
       100          0          0          0          0         68   retnan.o
        92          0          0          0          0         68   scalbn.o
        76          0          0          0          0         68   scalbnf.o
        48          0          0          0          0         68   trapv.o
         0          0          0          0          0          0   usenofp.o
        62         10          0          0          0        340   dunder.o
        40          0          0          0          0         68   fpclassify.o
       170          0          0          0          0         96   poly.o
      2520        190        136          0          0        324   pow.o
         0          0          8          0          0          0   qnan.o
        76          0          0          0          0         84   sqrt.o

    ----------------------------------------------------------------------
     13078        764        382          0         96       7060   Library Totals
        24          0          5          0          0          0   (incl. Padding)

    ----------------------------------------------------------------------

      Code (inc. data)   RO Data    RW Data    ZI Data      Debug   Library Name

      5188        216        233          0         96       3164   c_w.l
      4998        348          0          0          0       2984   fz_ws.l
      2868        200        144          0          0        912   m_ws.l

    ----------------------------------------------------------------------
     13078        764        382          0         96       7060   Library Totals

    ----------------------------------------------------------------------

==============================================================================


      Code (inc. data)   RO Data    RW Data    ZI Data      Debug   

     31170       3080        890        368      19424     632538   Grand Totals
     31170       3080        890        100      19424     632538   ELF Image Totals (compressed)
     31170       3080        890        100          0          0   ROM Totals

==============================================================================

    Total RO  Size (Code + RO Data)                32060 (  31.31kB)
    Total RW  Size (RW Data + ZI Data)             19792 (  19.33kB)
    Total ROM Size (Code + RO Data + RW Data)      32160 (  31.41kB)

==============================================================================

